{\rtf1\ansi\ansicpg1252\deff0\deflang6153{\fonttbl{\f0\fmodern Consolas;}{\f1\fmodern\fcharset0 Consolas;}{\f2\fnil\fcharset129 Courier New;}}
{\colortbl ;\red20\green20\blue20;\red142\green142\blue142;\red16\green158\blue98;\red148\green146\blue12;\red170\green51\blue170;\red170\green64\blue64;\red56\green136\blue159;\red18\green18\blue18;\red245\green245\blue245;}
\viewkind4\uc1\pard\f0\fs20      \u9484?\u9472?\u9472?\u9472?\u9472?\u9472?\u9472?\u9472?\u9472?\u9472?\u9472?\u9472?\u9472?\u9472?\u9472?\u9472?\u9472?\u9472?\u9472?\u9472?\u9472?\u9472?\u9472?\u9472?\u9472?\u9472?\u9472?\u9472?\u9472?\u9472?\u9472?\u9472?\u9472?\u9472?\u9472?\u9472?\u9472?\u9472?\u9472?\u9472?\u9472?\u9472?\u9472?\u9472?\u9472?\u9472?\u9472?\u9472?\u9472?\u9472?\u9472?\u9472?\u9472?\u9472?\u9472?\u9472?\u9472?\u9472?\u9472?\u9472?\u9472?\u9472?\u9472?\u9472?\u9472?\u9472?\u9472?\u9472?\u9472?\u9488?\cf1\highlight2 
\par \cf0\highlight0      \u9474?                \cf3\f1\bullet  MobaXterm Personal Edition v21.4 \bullet\cf0\f0                 \u9474?\cf1\highlight2 
\par \cf0\highlight0      \u9474?              \cf4 (X server, SSH client and network tools)\cf0               \u9474?\cf1\highlight2 
\par \cf0\highlight0      \u9474?                                                                    \u9474?\cf1\highlight2 
\par \cf0\highlight0      \u9474? \u8594? Your computer drives are accessible through the \cf5 /drives\cf0  path     \u9474?\cf1\highlight2 
\par \cf0\highlight0      \u9474? \u8594? Your DISPLAY is set to \cf5 192.168.1.2:0.0    \cf0                        \u9474?\cf1\highlight2 
\par \cf0\highlight0      \u9474? \u8594? When using \cf5 SSH\cf0 , your remote DISPLAY is automatically forwarded   \u9474?\cf1\highlight2 
\par \cf0\highlight0      \u9474? \u8594? Each command status is specified by a special symbol (\cf3 v\cf0  or \cf6 x\cf0 )    \u9474?\cf1\highlight2 
\par \cf0\highlight0      \u9474?                                                                    \u9474?\cf1\highlight2 
\par \cf0\highlight0      \u9474? \cf6\f1\bullet  Important:\cf0\f0                                                        \u9474?\cf1\highlight2 
\par \cf0\highlight0      \u9474? \cf7 This is MobaXterm Personal Edition. The Professional edition\cf0        \u9474?\cf1\highlight2 
\par \cf0\highlight0      \u9474? \cf7 allows you to customize MobaXterm for your company: you can add\cf0     \u9474?\cf1\highlight2 
\par \cf0\highlight0      \u9474? \cf7 your own logo, your parameters, your welcome message and generate\cf0   \u9474?\cf1\highlight2 
\par \cf0\highlight0      \u9474? \cf7 either an MSI installation package or a portable executable.\cf0        \u9474?\cf1\highlight2 
\par \cf0\highlight0      \u9474? \cf7 We can also modify MobaXterm or develop the plugins you need.\cf0       \u9474?\cf1\highlight2 
\par \cf0\highlight0      \u9474? \cf4 For more information: \cf5\ul https://mobaxterm.mobatek.net/download.html\cf0\ulnone   \u9474?\cf1\highlight2 
\par \cf0\highlight0      \u9492?\u9472?\u9472?\u9472?\u9472?\u9472?\u9472?\u9472?\u9472?\u9472?\u9472?\u9472?\u9472?\u9472?\u9472?\u9472?\u9472?\u9472?\u9472?\u9472?\u9472?\u9472?\u9472?\u9472?\u9472?\u9472?\u9472?\u9472?\u9472?\u9472?\u9472?\u9472?\u9472?\u9472?\u9472?\u9472?\u9472?\u9472?\u9472?\u9472?\u9472?\u9472?\u9472?\u9472?\u9472?\u9472?\u9472?\u9472?\u9472?\u9472?\u9472?\u9472?\u9472?\u9472?\u9472?\u9472?\u9472?\u9472?\u9472?\u9472?\u9472?\u9472?\u9472?\u9472?\u9472?\u9472?\u9472?\u9472?\u9472?\u9496?\cf1\highlight2 
\par 
\par \cf0\highlight0 Entering character mode\cf1\highlight2 
\par \cf0\highlight0 Escape character is '^]'.\cf1\highlight2 
\par 
\par \cf0\highlight0                              GNU GRUB  version 2.02\cf1\highlight2 
\par 
\par \cf0\highlight0  +----------------------------------------------------------------------------+\cf1\highlight2 
\par \cf0\highlight0  |\cf8\highlight9 *SONiC-OS-4.2.0-Enterprise_Base                                             \cf0\highlight0 |\cf1\highlight2 
\par \cf0\highlight0  | ONIE                                                                       |\cf1\highlight2 
\par \cf0\highlight0  |                                                                            |\cf1\highlight2 
\par \cf0\highlight0  |                                                                            |\cf1\highlight2 
\par \cf0\highlight0  |                                                                            |\cf1\highlight2 
\par \cf0\highlight0  |                                                                            |\cf1\highlight2 
\par \cf0\highlight0  |                                                                            |\cf1\highlight2 
\par \cf0\highlight0  |                                                                            |\cf1\highlight2 
\par \cf0\highlight0  |                                                                            |\cf1\highlight2 
\par \cf0\highlight0  |                                                                            |\cf1\highlight2 
\par \cf0\highlight0  |                                                                            |\cf1\highlight2 
\par \cf0\highlight0  |                                                                            |\cf1\highlight2 
\par \cf0\highlight0  +----------------------------------------------------------------------------+\cf1\highlight2 
\par 
\par \cf0\highlight0       Use the ^ and v keys to select which entry is highlighted.\cf1\highlight2 
\par \cf0\highlight0       Press enter to boot the selected OS, `e' to edit the commands\cf1\highlight2 
\par \cf0\highlight0       before booting or `c' for a command-line.\cf1\highlight2 
\par \cf0\highlight0    The highlighted entry will be executed automatically in 0s.\cf1\highlight2 
\par \cf0\highlight0   Booting `SONiC-OS-4.2.0-Enterprise_Base'\cf1\highlight2 
\par 
\par \cf0\highlight0 Loading SONiC-OS OS kernel ...\cf1\highlight2 
\par \cf0\highlight0 Loading SONiC-OS OS initial ramdisk ...\cf1\highlight2 
\par \cf0\highlight0 [   12.269010] e1000 0000:00:04.0 eth1: Reset adapter\cf1\highlight2 
\par \cf0\highlight0 [   12.695976] e1000 0000:00:04.0 eth1: Reset adapter\cf1\highlight2 
\par \cf0\highlight0 [   12.777072] e1000 0000:00:04.0 eth1: Reset adapter\cf1\highlight2 
\par \cf0\highlight0 [   43.213201] kdump-tools[483]: Starting kdump-tools: Creating symlink /var/lib/kdump/vmlinuz.\cf1\highlight2 
\par \cf0\highlight0 [   43.220204] kdump-tools[483]: Creating symlink /var/lib/kdump/initrd.img.\cf1\highlight2 
\par \cf0\highlight0 [   43.300994] in-memory.sh[498]: + [[ -e /dev/pmem0 ]]\cf1\highlight2 
\par \cf0\highlight0 [   43.302832] in-memory.sh[498]: ++ uname -r\cf1\highlight2 
\par \cf0\highlight0 [   43.304144] in-memory.sh[498]: + insmod /lib/modules/5.10.0-21-amd64/kernel/drivers/block/ramdisk.ko rd_address=0x40000000 rd_size=0x4000000\cf1\highlight2 
\par \cf0\highlight0 [   43.620288] in-memory.sh[498]: + '[' -e /dev/ramdisk ']'\cf1\highlight2 
\par \cf0\highlight0 [   43.622011] in-memory.sh[498]: + [[ ! -e /proc/vmcore ]]\cf1\highlight2 
\par \cf0\highlight0 [   43.623845] in-memory.sh[498]: + mkfs.ext4 /dev/ramdisk\cf1\highlight2 
\par \cf0\highlight0 [   43.656953] in-memory.sh[498]: mke2fs 1.44.5 (15-Dec-2018)\cf1\highlight2 
\par \cf0\highlight0 [   43.666081] in-memory.sh[498]: Creating filesystem with 65536 1k blocks and 16384 inodes\cf1\highlight2 
\par \cf0\highlight0 [   43.671826] in-memory.sh[498]: Filesystem UUID: 5cec7485-6541-46bb-aeca-3ce292ccb072\cf1\highlight2 
\par \cf0\highlight0 [   43.674537] in-memory.sh[498]: Superblock backups stored on blocks:\cf1\highlight2 
\par \cf0\highlight0 [   43.678323] in-memory.sh[498]:       8193, 24577, 40961, 57345\cf1\highlight2 
\par \cf0\highlight0 [   43.680144] in-memory.sh[498]: Allocating group tables: done\cf1\highlight2 
\par \cf0\highlight0 [   44.126917] in-memory.sh[498]: Writing inode tables: done\cf1\highlight2 
\par \cf0\highlight0 [   44.145947] in-memory.sh[498]: Creating journal (4096 blocks): done\cf1\highlight2 
\par \cf0\highlight0 [   44.184731] in-memory.sh[498]: Writing superblocks and filesystem accounting information: done\cf1\highlight2 
\par \cf0\highlight0 [   44.212286] in-memory.sh[498]: + e2fsck -fy /dev/ramdisk\cf1\highlight2 
\par \cf0\highlight0 [   65.156867] rcu: INFO: rcu_sched self-detected stall on CPU\cf1\highlight2 
\par \cf0\highlight0 [   65.159029] rcu:     2-....: (3997 ticks this GP) idle=e0a/1/0x4000000000000000 softirq=4474/4474 fqs=1845\cf1\highlight2 
\par \cf0\highlight0 [   92.453138] watchdog: BUG: soft lockup - CPU#2 stuck for 23s! [containerd:513]\cf1\highlight2 
\par \cf0\highlight0 [   93.678995] Kernel panic - not syncing: softlockup: hung tasks\cf1\highlight2 
\par \cf0\highlight0 [   93.680847] CPU: 2 PID: 513 Comm: containerd Tainted: G           OEL    5.10.0-21-amd64 #1 Debian 5.10.162-1\cf1\highlight2 
\par \cf0\highlight0 [   93.683589] Hardware name: QEMU Standard PC (i440FX + PIIX, 1996), BIOS 1.13.0-1ubuntu1.1 04/01/2014\cf1\highlight2 
\par \cf0\highlight0 [   93.686127] Call Trace:\cf1\highlight2 
\par \cf0\highlight0 [   93.686834]  <IRQ>\cf1\highlight2 
\par \cf0\highlight0 [   93.687440]  dump_stack+0x6d/0x8c\cf1\highlight2 
\par \cf0\highlight0 [   93.688413]  panic+0x101/0x2d7\cf1\highlight2 
\par \cf0\highlight0 [   93.689314]  watchdog_timer_fn.cold.12+0xc/0x16\cf1\highlight2 
\par \cf0\highlight0 [   93.690613]  ? softlockup_fn+0x40/0x40\cf1\highlight2 
\par \cf0\highlight0 [   93.691672]  __hrtimer_run_queues+0xff/0x250\cf1\highlight2 
\par \cf0\highlight0 [   93.692881]  hrtimer_interrupt+0x100/0x220\cf1\highlight2 
\par \cf0\highlight0 [   93.694050]  __sysvec_apic_timer_interrupt+0x5a/0xe0\cf1\highlight2 
\par \cf0\highlight0 [   93.695434]  asm_call_irq_on_stack+0xf/0x20\cf1\highlight2 
\par \cf0\highlight0 [   93.696638]  </IRQ>\cf1\highlight2 
\par \cf0\highlight0 [   93.697271]  sysvec_apic_timer_interrupt+0x73/0x80\cf1\highlight2 
\par \cf0\highlight0 [   93.698630]  asm_sysvec_apic_timer_interrupt+0x12/0x20\cf1\highlight2 
\par \cf0\highlight0 [   93.700055] RIP: 0010:squashfs_copy_data.part.2+0x156/0x1d0 [squashfs]\cf1\highlight2 
\par \cf0\highlight0 [   93.701839] Code: 01 c0 c3 cc cc cc cc 8b 0e 41 89 0a 42 8b 4c 0e fc 43 89 4c 0a fc 41 8b 7b 08 e9 34 ff ff ff 48 8b 16 49 8d 7a 08 48 83 e7 f8 <49> 89 12 4a 8b 54 0e f8 4b 89 54 0a f8 49 29 fa 4b 8d 0c 11 4c 29\cf1\highlight2 
\par \cf0\highlight0 [   93.706991] RSP: 0018:ffffa9ca00267b10 EFLAGS: 00010282\cf1\highlight2 
\par \cf0\highlight0 [   93.708470] RAX: 0000000000001000 RBX: ffff982ca47cb000 RCX: 000000000001f000\cf1\highlight2 
\par \cf0\highlight0 [   93.710484] RDX: 007527e0007527e0 RSI: ffff982c89e1b000 RDI: ffff982ca47cb008\cf1\highlight2 
\par \cf0\highlight0 [   93.712459] RBP: ffffe2720491f2c0 R08: 0000000000001000 R09: 0000000000001000\cf1\highlight2 
\par \cf0\highlight0 [   93.714478] R10: ffff982ca47cb000 R11: ffff982c888fb400 R12: ffff982c81838000\cf1\highlight2 
\par \cf0\highlight0 [   93.716463] R13: 0000000000001000 R14: 0000000000000020 R15: 000000000001f000\cf1\highlight2 
\par \cf0\highlight0 [   93.718477]  squashfs_fill_page+0x46/0xa0 [squashfs]\cf1\highlight2 
\par \cf0\highlight0 [   93.719836]  squashfs_readpage_block+0x203/0x590 [squashfs]\cf1\highlight2 
\par \cf0\highlight0 [   93.721390]  squashfs_readpage+0x4b3/0x820 [squashfs]\cf1\highlight2 
\par \cf0\highlight0 [   93.722795]  ? __mod_memcg_lruvec_state+0x21/0x110\cf1\highlight2 
\par \cf0\highlight0 [   93.724157]  read_pages+0x182/0x270\cf1\highlight2 
\par \cf0\highlight0 [   93.725164]  page_cache_ra_unbounded+0x1a2/0x220\cf1\highlight2 
\par \cf0\highlight0 [   93.726458]  filemap_fault+0x425/0xa50\cf1\highlight2 
\par \cf0\highlight0 [   93.727524]  ? __alloc_pages_nodemask+0x189/0x330\cf1\highlight2 
\par \cf0\highlight0 [   93.728884]  __do_fault+0x33/0x120\cf1\highlight2 
\par \cf0\highlight0 [   93.729869]  handle_mm_fault+0x8e4/0x1670\cf1\highlight2 
\par \cf0\highlight0 [   93.731016]  exc_page_fault+0x294/0x530\cf1\highlight2 
\par \cf0\highlight0 [   93.732119]  ? asm_exc_page_fault+0x8/0x30\cf1\highlight2 
\par \cf0\highlight0 [   93.733316]  asm_exc_page_fault+0x1e/0x30\cf1\highlight2 
\par \cf0\highlight0 [   93.735339] RIP: 0033:0x7f0d6dfd5164\cf1\highlight2 
\par \cf0\highlight0 [   93.736891] Code: 1f 80 00 00 00 00 48 8b 08 8b 50 08 4c 01 f9 48 83 fa 26 74 0a 48 83 fa 08 0f 85 1d 10 00 00 48 8b 50 10 48 83 c0 18 4c 01 fa <48> 89 11 48 39 c3 77 d4 4d 8b b2 d0 01 00 00 4d 85 f6 0f 85 7e fa\cf1\highlight2 
\par \cf0\highlight0 [   93.743001] RSP: 002b:00007ffe8974aa20 EFLAGS: 00010202\cf1\highlight2 
\par \cf0\highlight0 [   93.745017] RAX: 00005625f31b0f50 RBX: 00005625f32ff9f0 RCX: 00005625f4c0f000\cf1\highlight2 
\par \cf0\highlight0 [   93.747505] RDX: 00005625f4882ab0 RSI: 00005625f27e64a0 RDI: 00007f0d6dff19f0\cf1\highlight2 
\par \cf0\highlight0 [   93.750049] RBP: 00007ffe8974ab20 R08: 00005625f32fffd8 R09: 0000000000000000\cf1\highlight2 
\par \cf0\highlight0 [   93.752557] R10: 00007f0d6dff2190 R11: 00007f0d6dff2190 R12: 0000000000000000\cf1\highlight2 
\par \cf0\highlight0 [   93.755099] R13: 0000000000000000 R14: 0000000000000000 R15: 00005625f272e000\cf1\highlight2 
\par \cf0\highlight0 [   93.758837] Kernel Offset: 0x2f000000 from 0xffffffff81000000 (relocation range: 0xffffffff80000000-0xffffffffbfffffff)\cf1\highlight2 
\par \cf0\highlight0 [   93.764143] rb: panic handler for ramdisk sync\cf1\highlight2 
\par \cf0\highlight0 [   93.766454] Rebooting in 10 seconds..\cf1\highlight2 
\par 
\par \cf0\highlight0                              GNU GRUB  version 2.02\cf1\highlight2 
\par 
\par \cf0\highlight0  +----------------------------------------------------------------------------+\cf1\highlight2 
\par \cf0\highlight0  |\cf8\highlight9 *SONiC-OS-4.2.0-Enterprise_Base                                             \cf0\highlight0 |\cf1\highlight2 
\par \cf0\highlight0  | ONIE                                                                       |\cf1\highlight2 
\par \cf0\highlight0  |                                                                            |\cf1\highlight2 
\par \cf0\highlight0  |                                                                            |\cf1\highlight2 
\par \cf0\highlight0  |                                                                            |\cf1\highlight2 
\par \cf0\highlight0  |                                                                            |\cf1\highlight2 
\par \cf0\highlight0  |                                                                            |\cf1\highlight2 
\par \cf0\highlight0  |                                                                            |\cf1\highlight2 
\par \cf0\highlight0  |                                                                            |\cf1\highlight2 
\par \cf0\highlight0  |                                                                            |\cf1\highlight2 
\par \cf0\highlight0  |                                                                            |\cf1\highlight2 
\par \cf0\highlight0  |                                                                            |\cf1\highlight2 
\par \cf0\highlight0  +----------------------------------------------------------------------------+\cf1\highlight2 
\par 
\par \cf0\highlight0       Use the ^ and v keys to select which entry is highlighted.\cf1\highlight2 
\par \cf0\highlight0       Press enter to boot the selected OS, `e' to edit the commands\cf1\highlight2 
\par \cf0\highlight0       before booting or `c' for a command-line.\cf1\highlight2 
\par \cf0\highlight0    The highlighted entry will be executed automatically in 0s.\cf1\highlight2 
\par \cf0\highlight0   Booting `SONiC-OS-4.2.0-Enterprise_Base'\cf1\highlight2 
\par 
\par \cf0\highlight0 Loading SONiC-OS OS kernel ...\cf1\highlight2 
\par \cf0\highlight0 Loading SONiC-OS OS initial ramdisk ...\cf1\highlight2 
\par \cf0\highlight0 [   12.058794] in-memory.sh[350]: + [[ -e /dev/pmem0 ]]\cf1\highlight2 
\par \cf0\highlight0 [   12.061107] in-memory.sh[350]: ++ uname -r\cf1\highlight2 
\par \cf0\highlight0 [   12.062299] in-memory.sh[350]: + insmod /lib/modules/5.10.0-21-amd64/kernel/drivers/block/ramdisk.ko rd_address=0x40000000 rd_size=0x4000000\cf1\highlight2 
\par \cf0\highlight0 [   12.318653] in-memory.sh[350]: + '[' -e /dev/ramdisk ']'\cf1\highlight2 
\par \cf0\highlight0 [   12.320283] in-memory.sh[350]: + [[ ! -e /proc/vmcore ]]\cf1\highlight2 
\par \cf0\highlight0 [   12.321584] in-memory.sh[350]: + mkfs.ext4 /dev/ramdisk\cf1\highlight2 
\par \cf0\highlight0 [   12.386762] in-memory.sh[350]: mke2fs 1.44.5 (15-Dec-2018)\cf1\highlight2 
\par \cf0\highlight0 [   12.395544] in-memory.sh[350]: Creating filesystem with 65536 1k blocks and 16384 inodes\cf1\highlight2 
\par \cf0\highlight0 [   12.397451] in-memory.sh[350]: Filesystem UUID: b8cfbc42-0e5e-4cb2-a37d-290f05dd159a\cf1\highlight2 
\par \cf0\highlight0 [   12.399222] in-memory.sh[350]: Superblock backups stored on blocks:\cf1\highlight2 
\par \cf0\highlight0 [   12.400852] in-memory.sh[350]:       8193, 24577, 40961, 57345\cf1\highlight2 
\par \cf0\highlight0 [   12.402131] in-memory.sh[350]: Allocating group tables: done\cf1\highlight2 
\par \cf0\highlight0 [   12.403987] in-memory.sh[350]: Writing inode tables: done\cf1\highlight2 
\par \cf0\highlight0 [   12.960083] in-memory.sh[350]: Creating journal (4096 blocks): done\cf1\highlight2 
\par \cf0\highlight0 [   12.966034] in-memory.sh[350]: Writing superblocks and filesystem accounting information: done\cf1\highlight2 
\par \cf0\highlight0 [   12.968627] in-memory.sh[350]: + e2fsck -fy /dev/ramdisk\cf1\highlight2 
\par \cf0\highlight0 [   12.992343] in-memory.sh[350]: e2fsck 1.44.5 (15-Dec-2018)\cf1\highlight2 
\par \cf0\highlight0 [   12.995919] in-memory.sh[350]: Pass 1: Checking inodes, blocks, and sizes\cf1\highlight2 
\par \cf0\highlight0 [   12.999512] in-memory.sh[350]: Pass 2: Checking directory structure\cf1\highlight2 
\par \cf0\highlight0 [   13.001922] in-memory.sh[350]: Pass 3: Checking directory connectivity\cf1\highlight2 
\par \cf0\highlight0 [   13.004320] in-memory.sh[350]: Pass 4: Checking reference counts\cf1\highlight2 
\par \cf0\highlight0 [   13.011928] in-memory.sh[350]: Pass 5: Checking group summary information\cf1\highlight2 
\par \cf0\highlight0 [   13.013778] in-memory.sh[350]: /dev/ramdisk: 11/16384 files (0.0% non-contiguous), 7465/65536 blocks\cf1\highlight2 
\par \cf0\highlight0 [   13.025126] in-memory.sh[350]: + tune2fs -O '^metadata_csum' /dev/ramdisk\cf1\highlight2 
\par \cf0\highlight0 [   13.026979] in-memory.sh[350]: tune2fs 1.44.5 (15-Dec-2018)\cf1\highlight2 
\par \cf0\highlight0 [   13.028649] in-memory.sh[350]: + mount /dev/ramdisk /var/log/ramfs\cf1\highlight2 
\par \cf0\highlight0 [   13.042347] in-memory.sh[350]: ++ mountpoint -q /var/log/ramfs\cf1\highlight2 
\par \cf0\highlight0 [   13.048178] in-memory.sh[350]: + chmod 655 /var/log/ramfs\cf1\highlight2 
\par \cf0\highlight0 [   13.063574] in-memory.sh[350]: + set +x\cf1\highlight2 
\par \cf0\highlight0 [   13.397155] kdump-tools[376]: Starting kdump-tools: Creating symlink /var/lib/kdump/vmlinuz.\cf1\highlight2 
\par \cf0\highlight0 [   13.406286] kdump-tools[376]: Creating symlink /var/lib/kdump/initrd.img.\cf1\highlight2 
\par \cf0\highlight0 [   15.005623] rc.local[594]: + cat /proc/cmdline\cf1\highlight2 
\par \cf0\highlight0 [   15.006994] rc.local[594]: + cut -d= -f 2-\cf1\highlight2 
\par \cf0\highlight0 [   15.008166] rc.local[594]: + xargs -n1\cf1\highlight2 
\par \cf0\highlight0 [   15.009128] rc.local[594]: + grep loop=\cf1\highlight2 
\par \cf0\highlight0 [   15.052845] rc.local[594]: + dirname image-4.2.0-Enterprise_Base/fs.squashfs\cf1\highlight2 
\par \cf0\highlight0 [   15.072267] rc.local[594]: + LOOP_IMAGE_DIR=image-4.2.0-Enterprise_Base\cf1\highlight2 
\par \cf0\highlight0 [   15.074204] rc.local[594]: + echo image-4.2.0-Enterprise_Base\cf1\highlight2 
\par \cf0\highlight0 [   15.075604] rc.local[594]: + cut -d- -f 2-\cf1\highlight2 
\par \cf0\highlight0 [   15.077275] rc.local[594]: + loop_version=4.2.0-Enterprise_Base\cf1\highlight2 
\par \cf0\highlight0 [   15.079635] rc.local[594]: + cat /etc/sonic/sonic_version.yml\cf1\highlight2 
\par \cf0\highlight0 [   15.085635] rc.local[594]: + grep build_version\cf1\highlight2 
\par \cf0\highlight0 [   15.087268] rc.local[594]: + sed -e s/build_version: //g;s/'//g\cf1\highlight2 
\par \cf0\highlight0 [   15.106393] rc.local[594]: + SONIC_VERSION=4.2.0-Enterprise_Base\cf1\highlight2 
\par \cf0\highlight0 [   15.108050] rc.local[594]: + [ 4.2.0-Enterprise_Base !=  ]\cf1\highlight2 
\par \cf0\highlight0 [   15.109528] rc.local[594]: + [ 4.2.0-Enterprise_Base != 4.2.0-Enterprise_Base ]\cf1\highlight2 
\par \cf0\highlight0 [   15.111514] rc.local[594]: + FIRST_BOOT_FILE=/host/image-4.2.0-Enterprise_Base/platform/firsttime\cf1\highlight2 
\par \cf0\highlight0 [   15.113761] rc.local[594]: + SONIC_FIRST_BOOT_SCRIPT=/host/image-4.2.0-Enterprise_Base/first_boot.sh\cf1\highlight2 
\par \cf0\highlight0 [   15.115696] rc.local[594]: + SONIC_BRANDING_OVERRIDE=/host/image-4.2.0-Enterprise_Base/sonic_branding.yml\cf1\highlight2 
\par \cf0\highlight0 [   15.117870] rc.local[594]: + SONIC_BRANDING_FILE=/etc/sonic/sonic_branding.yml\cf1\highlight2 
\par \cf0\highlight0 [   15.122541] rc.local[594]: + RUNTIME_JOURNALD_CONF=/etc/systemd/journald.conf.d/01-journald-storage.conf\cf1\highlight2 
\par \cf0\highlight0 [   15.124773] rc.local[594]: + RSYSLOG_FILE=/etc/logrotate.d/rsyslog\cf1\highlight2 
\par \cf0\highlight0 [   15.126243] rc.local[594]: + IMEM_INFO_FILE=/etc/logrotate.d/in-memory/00-in-memory-info\cf1\highlight2 
\par \cf0\highlight0 [   15.128518] rc.local[594]: + IMEM_DEBUG_FILE=/etc/logrotate.d/in-memory/00-in-memory-debug\cf1\highlight2 
\par \cf0\highlight0 [   15.130895] rc.local[594]: + IMEM_DISK_INFO_FILE=/etc/logrotate.d/in-memory/01-disk-info\cf1\highlight2 
\par \cf0\highlight0 [   15.133573] rc.local[594]: + IMEM_DISK_DEBUG_FILE=/etc/logrotate.d/in-memory/01-disk-debug\cf1\highlight2 
\par \cf0\highlight0 [   15.137914] rc.local[594]: + IMEM_CONF_FILE=/etc/rsyslog.d/in-memory/00-in-memory.conf\cf1\highlight2 
\par \cf0\highlight0 [   15.146336] rc.local[594]: + APPLOG_CONF_FILE=/etc/rsyslog.d/20-sonic.conf\cf1\highlight2 
\par \cf0\highlight0 [   15.148318] rc.local[594]: + HISTOGRAM_FILE=/etc/logrotate.d/histogram/mem-histogram-rule\cf1\highlight2 
\par \cf0\highlight0 [   15.151903] rc.local[594]: + LOGCLEANUP_FILE=/usr/bin/log-cleanup.sh\cf1\highlight2 
\par \cf0\highlight0 [   15.163408] rc.local[594]: + SONIC_CONFIG_DIR=/host/image-4.2.0-Enterprise_Base/sonic-config\cf1\highlight2 
\par \cf0\highlight0 [   15.165476] rc.local[594]: + SONIC_ENV_FILE=/host/image-4.2.0-Enterprise_Base/sonic-config/sonic-environment\cf1\highlight2 
\par \cf0\highlight0 [   15.167643] rc.local[594]: + [ -d /host/image-4.2.0-Enterprise_Base/sonic-config -a -f /host/image-4.2.0-Enterprise_Base/sonic-config/sonic-environment ]\cf1\highlight2 
\par \cf0\highlight0 [   15.333507] rc.local[594]: + logger SONiC version 4.2.0-Enterprise_Base starting up...\cf1\highlight2 
\par \cf0\highlight0 [   15.335320] rc.local[594]: + mount -t bpf none /sys/fs/bpf/\cf1\highlight2 
\par \cf0\highlight0 [   15.336669] rc.local[594]: + set +x\cf1\highlight2 
\par \cf0\highlight0 [   15.379741] rc.local[594]: + grub_installation_needed=\cf1\highlight2 
\par \cf0\highlight0 [   15.382533] rc.local[594]: + [ ! -e /host/machine.conf ]\cf1\highlight2 
\par \cf0\highlight0 [   15.383877] rc.local[594]: + migrate_nos_configuration\cf1\highlight2 
\par \cf0\highlight0 [   15.385752] rc.local[594]: + rm -rf /host/migration\cf1\highlight2 
\par \cf0\highlight0 [   15.389851] rc.local[594]: + mkdir -p /host/migration\cf1\highlight2 
\par \cf0\highlight0 [   15.393538] rc.local[594]: + cat /proc/cmdline\cf1\highlight2 
\par \cf0\highlight0 [   15.395445] rc.local[594]: + set -- BOOT_IMAGE=/image-4.2.0-Enterprise_Base/boot/vmlinuz-5.10.0-21-amd64 root=UUID=b13fefc3-4898-498e-bf1f-180508201499 rw console=tty0 console=ttyS0,115200n8 quiet net.ifnames=0 biosdevname=0 loop=image-4.2.0-Enterprise_Base/fs.squashfs loopfstype=squashfs crashkernel=0M-2G:256M,2G-4G:256M,4G-8G:384M,8G-:448M apparmor=1 security=apparmor varlog_size=4096 usbcore.autosuspend=-1 cgroup_enable=memory swapaccount=1 cma=0 memmap=64M$1G softlockup_all_cpu_backtrace=1\cf1\highlight2 
\par \cf0\highlight0 [   15.404589] rc.local[594]: + [ -n  ]\cf1\highlight2 
\par \cf0\highlight0 [   15.405578] rc.local[594]: + . /host/machine.conf\cf1\highlight2 
\par \cf0\highlight0 [   15.406839] rc.local[594]: + onie_arch=x86_64\cf1\highlight2 
\par \cf0\highlight0 [   15.407907] rc.local[594]: + onie_bin=\cf1\highlight2 
\par \cf0\highlight0 [   15.409021] rc.local[594]: + onie_boot_fs_type=ext4\cf1\highlight2 
\par \cf0\highlight0 [   15.411141] rc.local[594]: + onie_boot_gfdisk_type=0x3000\cf1\highlight2 
\par \cf0\highlight0 [   15.412425] rc.local[594]: + onie_boot_gpt_uuid=7412F7D5-A156-4B13-81DC-867174929325\cf1\highlight2 
\par \cf0\highlight0 [   15.414505] rc.local[594]: + onie_boot_label=ONIE-BOOT\cf1\highlight2 
\par \cf0\highlight0 [   15.416027] rc.local[594]: + onie_boot_mnt=/mnt/onie-boot\cf1\highlight2 
\par \cf0\highlight0 [   15.417855] rc.local[594]: + onie_boot_reason=install\cf1\highlight2 
\par \cf0\highlight0 [   15.419120] rc.local[594]: + onie_build_date=2018-11-17T04:18+00:00\cf1\highlight2 
\par \cf0\highlight0 [   15.420538] rc.local[594]: + onie_build_machine=kvm_x86_64\cf1\highlight2 
\par \cf0\highlight0 [   15.421876] rc.local[594]: + onie_build_platform=x86_64-kvm_x86_64-r0\cf1\highlight2 
\par \cf0\highlight0 [   15.423365] rc.local[594]: + onie_config_dir=/mnt/onie-boot/onie/config\cf1\highlight2 
\par \cf0\highlight0 [   15.425432] rc.local[594]: + onie_config_version=1\cf1\highlight2 
\par \cf0\highlight0 [   15.427106] rc.local[594]: + onie_default_filename=onie-installer-x86_64-kvm_x86_64-r0\cf1\highlight2 
\par \cf0\highlight0 [   15.429163] rc.local[594]: + onie_default_filenames=onie-installer-x86_64-kvm_x86_64-r0\cf1\highlight2 
\par \cf0\highlight0 [   15.432550] rc.local[594]: + onie_dev=/dev/vda2\cf1\highlight2 
\par \cf0\highlight0 [   15.437773] rc.local[594]: + onie_disco_boot_reason=install\cf1\highlight2 
\par \cf0\highlight0 [   15.440045] rc.local[594]: + onie_disco_dns=10.0.2.3\cf1\highlight2 
\par \cf0\highlight0 [   15.442206] rc.local[594]: + onie_disco_interface=eth0\cf1\highlight2 
\par \cf0\highlight0 [   15.444018] rc.local[594]: + onie_disco_ip=10.0.2.15\cf1\highlight2 
\par \cf0\highlight0 [   15.445875] rc.local[594]: + onie_disco_lease=86400\cf1\highlight2 
\par \cf0\highlight0 [   15.447398] rc.local[594]: + onie_disco_mask=24\cf1\highlight2 
\par \cf0\highlight0 [   16.016810] rc.local[594]: + onie_disco_opt53=05\cf1\highlight2 
\par \cf0\highlight0 [   16.034984] rc.local[594]: + onie_disco_router=10.0.2.2\cf1\highlight2 
\par \cf0\highlight0 [   16.040295] rc.local[594]: + onie_disco_serverid=10.0.2.2\cf1\highlight2 
\par \cf0\highlight0 [   16.047977] rc.local[594]: + onie_disco_siaddr=10.0.2.2\cf1\highlight2 
\par \cf0\highlight0 [   16.051072] rc.local[594]: + onie_disco_subnet=255.255.255.0\cf1\highlight2 
\par \cf0\highlight0 [   16.057038] rc.local[594]: + onie_exec_url=file://dev/vdb/onie-installer.bin\cf1\highlight2 
\par \cf0\highlight0 [   16.058782] rc.local[594]: + onie_firmware=auto\cf1\highlight2 
\par \cf0\highlight0 [   16.059968] rc.local[594]: + onie_grub_image_name=shimx64.efi\cf1\highlight2 
\par \cf0\highlight0 [   16.061516] rc.local[594]: + onie_iana_enterprise=42623\cf1\highlight2 
\par \cf0\highlight0 [   16.062737] rc.local[594]: + onie_image_suffixes=.bin\cf1\highlight2 
\par \cf0\highlight0 [   16.064204] rc.local[594]: + onie_image_type_nos=nos\cf1\highlight2 
\par \cf0\highlight0 [   16.065567] rc.local[594]: + onie_image_type_update=update\cf1\highlight2 
\par \cf0\highlight0 [   16.066864] rc.local[594]: + onie_initrd_tmp=/\cf1\highlight2 
\par \cf0\highlight0 [   16.067973] rc.local[594]: + onie_installer=/var/tmp/installer\cf1\highlight2 
\par \cf0\highlight0 [   16.069356] rc.local[594]: + onie_kernel_version=4.9.95\cf1\highlight2 
\par \cf0\highlight0 [   16.070666] rc.local[594]: + onie_local_parts=\cf1\highlight2 
\par \cf0\highlight0 [   16.072276] rc.local[594]: + onie_machine=kvm_x86_64\cf1\highlight2 
\par \cf0\highlight0 [   16.074232] rc.local[594]: + onie_machine_rev=0\cf1\highlight2 
\par \cf0\highlight0 [   16.075970] rc.local[594]: + onie_neighs=[fe80::2-eth0],\cf1\highlight2 
\par \cf0\highlight0 [   16.082689] rc.local[594]: + onie_operation=os-install\cf1\highlight2 
\par \cf0\highlight0 [   16.086702] rc.local[594]: + onie_partition_type=gpt\cf1\highlight2 
\par \cf0\highlight0 [   16.092183] rc.local[594]: + onie_platform=x86_64-kvm_x86_64-r0\cf1\highlight2 
\par \cf0\highlight0 [   16.098243] rc.local[594]: + onie_root_dir=/mnt/onie-boot/onie\cf1\highlight2 
\par \cf0\highlight0 [   16.100331] rc.local[594]: + onie_secure_boot=yes\cf1\highlight2 
\par \cf0\highlight0 [   16.102048] rc.local[594]: + onie_server_name=onie-server\cf1\highlight2 
\par \cf0\highlight0 [   16.104121] rc.local[594]: + onie_skip_ethmgmt_macs=yes\cf1\highlight2 
\par \cf0\highlight0 [   16.106090] rc.local[594]: + onie_switch_asic=qemu\cf1\highlight2 
\par \cf0\highlight0 [   16.108212] rc.local[594]: + onie_uefi_arch=x64\cf1\highlight2 
\par \cf0\highlight0 [   16.112632] rc.local[594]: + onie_uefi_boot_loader=shimx64.efi\cf1\highlight2 
\par \cf0\highlight0 [   16.115815] rc.local[594]: + onie_update_attempts_dir=/mnt/onie-boot/onie/update/attempts\cf1\highlight2 
\par \cf0\highlight0 [   16.118867] rc.local[594]: + onie_update_dir=/mnt/onie-boot/onie/update\cf1\highlight2 
\par \cf0\highlight0 [   16.121367] rc.local[594]: + onie_update_log=/mnt/onie-boot/onie/update/update.log\cf1\highlight2 
\par \cf0\highlight0 [   16.123473] rc.local[594]: + onie_update_pending_dir=/mnt/onie-boot/onie/update/pending\cf1\highlight2 
\par \cf0\highlight0 [   16.128960] rc.local[594]: + onie_update_results_dir=/mnt/onie-boot/onie/update/results\cf1\highlight2 
\par \cf0\highlight0 [   16.131725] rc.local[594]: + onie_updater_cookie=ONIE-UPDATER-COOKIE\cf1\highlight2 
\par \cf0\highlight0 [   16.135239] rc.local[594]: + onie_vendor_id=42623\cf1\highlight2 
\par \cf0\highlight0 [   16.137822] rc.local[594]: + onie_version=master-201811170418\cf1\highlight2 
\par \cf0\highlight0 [   16.140107] rc.local[594]: + program_console_speed\cf1\highlight2 
\par \cf0\highlight0 [   16.142456] rc.local[594]: + cat /proc/cmdline\cf1\highlight2 
\par \cf0\highlight0 [   16.144028] rc.local[594]: + grep -Eo console=ttyS[0-9]+,[0-9]+\cf1\highlight2 
\par \cf0\highlight0 [   16.147812] rc.local[594]: + cut -d , -f2\cf1\highlight2 
\par \cf0\highlight0 [   16.156189] rc.local[594]: + speed=115200\cf1\highlight2 
\par \cf0\highlight0 [   16.157850] rc.local[594]: + [ -z 115200 ]\cf1\highlight2 
\par \cf0\highlight0 [   16.161690] rc.local[594]: + CONSOLE_SPEED=115200\cf1\highlight2 
\par \cf0\highlight0 [   16.163651] rc.local[594]: + sed -i s|\\-\\-keep\\-baud .* %I| 115200 %I|g /lib/systemd/system/serial-getty@.service\cf1\highlight2 
\par \cf0\highlight0 [   16.166904] rc.local[594]: + systemctl daemon-reload\cf1\highlight2 
\par \cf0\highlight0 [   16.335848] rc.local[594]: + [ -f /host/image-4.2.0-Enterprise_Base/platform/firsttime ]\cf1\highlight2 
\par \cf0\highlight0 [   16.338349] rc.local[594]: + [ -f /var/log/fsck.log.gz ]\cf1\highlight2 
\par \cf0\highlight0 [   16.341324] rc.local[594]: + gunzip -d -c /var/log/fsck.log.gz\cf1\highlight2 
\par \cf0\highlight0 [   16.343157] rc.local[594]: + logger -t FSCK\cf1\highlight2 
\par \cf0\highlight0 [   16.356084] rc.local[594]: + rm -f /var/log/fsck.log.gz\cf1\highlight2 
\par \cf0\highlight0 [   16.359434] rc.local[594]: + [ -n x86_64-kvm_x86_64-r0 ]\cf1\highlight2 
\par \cf0\highlight0 [   16.362579] rc.local[594]: + mkdir -p /mnt/onie-boot\cf1\highlight2 
\par \cf0\highlight0 [   16.365163] rc.local[594]: + mount LABEL=ONIE-BOOT /mnt/onie-boot\cf1\highlight2 
\par \cf0\highlight0 [   16.414498] rc.local[594]: + [ -f /mnt/onie-boot/onie/update/update.log ]\cf1\highlight2 
\par \cf0\highlight0 [   16.416694] rc.local[594]: + /usr/bin/python3 /usr/local/bin/fwpkg_tables_init.py\cf1\highlight2 
\par \cf0\highlight0 [   16.422187] rc.local[594]: + cp /mnt/onie-boot/onie/update/update.log /var/log/onie-update.log\cf1\highlight2 
\par \cf0\highlight0 [   16.429175] rc.local[594]: + set +x\cf1\highlight2 
\par \cf0\highlight0 [   16.432764] rc.local[594]: + /usr/bin/python3 /usr/local/bin/image_tables_init.py\cf1\highlight2 
\par \cf0\highlight0 [   17.017630] rc.local[594]: + exit 0\cf1\highlight2 
\par \cf0\highlight0 [   17.052338] e1000 0000:00:04.0 eth1: Reset adapter\cf1\highlight2 
\par \cf0\highlight0 [   17.452401] e1000 0000:00:06.0 eth3: Reset adapter\cf1\highlight2 
\par \cf0\highlight0 [   21.347261] kdump-tools[376]: loaded kdump kernel.\cf1\highlight2 
\par 
\par \cf0\highlight0 Debian GNU/Linux 10 SONiC-4.2 ttyS0\cf1\highlight2 
\par 
\par \cf0\highlight0 SONiC-4 login: [  263.939089] rcu: INFO: rcu_sched detected stalls on CPUs/tasks:\cf1\highlight2 
\par \cf0\highlight0 [  263.941357] rcu:     2-...0: (0 ticks this GP) idle=102/1/0x4000000000000000 softirq=66338/66339 fqs=916\cf1\highlight2 
\par \cf0\highlight0 [  289.811781] rcu: INFO: rcu_sched detected expedited stalls on CPUs/tasks: \{ 2-... \} 11703 jiffies s: 1121 root: 0x4/.\cf1\highlight2 
\par \cf0\highlight0 [  289.815673] rcu: blocking rcu_node structures:\cf1\highlight2 
\par \cf0\highlight0 [  326.956103] rcu: INFO: rcu_sched detected stalls on CPUs/tasks:\cf1\highlight2 
\par \cf0\highlight0 [  326.958439] rcu:     2-...0: (0 ticks this GP) idle=102/1/0x4000000000000000 softirq=66338/66339 fqs=2682\cf1\highlight2 
\par \cf0\highlight0 [  357.752802] rcu: INFO: rcu_sched detected expedited stalls on CPUs/tasks: \{ 2-... \} 28689 jiffies s: 1121 root: 0x4/.\cf1\highlight2 
\par \cf0\highlight0 [  357.756775] rcu: blocking rcu_node structures:\cf1\highlight2 
\par \cf0\highlight0 [  388.360362] watchdog: BUG: soft lockup - CPU#1 stuck for 22s! [pidof:11334]\cf1\highlight2 
\par \cf0\highlight0 [  423.910307] Kernel panic - not syncing: softlockup: hung tasks\cf1\highlight2 
\par \cf0\highlight0 [  423.912723] CPU: 1 PID: 11334 Comm: pidof Kdump: loaded Tainted: G           OEL    5.10.0-21-amd64 #1 Debian 5.10.162-1\cf1\highlight2 
\par \cf0\highlight0 [  423.916281] Hardware name: QEMU Standard PC (i440FX + PIIX, 1996), BIOS 1.13.0-1ubuntu1.1 04/01/2014\cf1\highlight2 
\par \cf0\highlight0 [  423.919482] Call Trace:\cf1\highlight2 
\par \cf0\highlight0 [  423.921190]  <IRQ>\cf1\highlight2 
\par \cf0\highlight0 [  423.922758]  dump_stack+0x6d/0x8c\cf1\highlight2 
\par \cf0\highlight0 [  423.924473]  panic+0x101/0x2d7\cf1\highlight2 
\par \cf0\highlight0 [  423.926321]  watchdog_timer_fn.cold.12+0xc/0x16\cf1\highlight2 
\par \cf0\highlight0 [  423.928736]  ? softlockup_fn+0x40/0x40\cf1\highlight2 
\par \cf0\highlight0 [  423.930559]  __hrtimer_run_queues+0xff/0x250\cf1\highlight2 
\par \cf0\highlight0 [  423.932534]  hrtimer_interrupt+0x100/0x220\cf1\highlight2 
\par \cf0\highlight0 [  423.934447]  __sysvec_apic_timer_interrupt+0x5a/0xe0\cf1\highlight2 
\par \cf0\highlight0 [  423.936768]  asm_call_irq_on_stack+0xf/0x20\cf1\highlight2 
\par \cf0\highlight0 [  423.940046]  </IRQ>\cf1\highlight2 
\par \cf0\highlight0 [  423.942329]  sysvec_apic_timer_interrupt+0x73/0x80\cf1\highlight2 
\par \cf0\highlight0 [  423.945682]  asm_sysvec_apic_timer_interrupt+0x12/0x20\cf1\highlight2 
\par \cf0\highlight0 [  423.949359] RIP: 0010:follow_page_mask+0x72/0x920\cf1\highlight2 
\par \cf0\highlight0 [  423.951892] Code: 02 00 00 48 83 c4 20 48 89 d0 5b 5d 41 5c 41 5d 41 5e 41 5f c3 cc cc cc cc 4c 89 f8 49 8b 54 24 50 48 c1 e8 27 25 ff 01 00 00 <48> 8b 3c c2 48 f7 c7 9f ff ff ff 0f 84 2d 02 00 00 48 8b 05 4e 7b\cf1\highlight2 
\par \cf0\highlight0 [  423.959417] RSP: 0018:ffffb46548087cc0 EFLAGS: 00010206\cf1\highlight2 
\par \cf0\highlight0 [  423.962505] RAX: 00000000000000ff RBX: 000000000000a206 RCX: ffffb46548087d48\cf1\highlight2 
\par \cf0\highlight0 [  423.966035] RDX: ffff89333027c000 RSI: 00007ffe47423eaf RDI: ffff89328352eec0\cf1\highlight2 
\par \cf0\highlight0 [  423.969026] RBP: ffffb46548087d48 R08: ffffb46548087e28 R09: ffffb46548087e20\cf1\highlight2 
\par \cf0\highlight0 [  423.972395] R10: ffffb46548087ed8 R11: 0000000000000000 R12: ffff89328352eec0\cf1\highlight2 
\par \cf0\highlight0 [  423.975820] R13: ffff893303f023e8 R14: ffff893303f023e8 R15: 00007ffe47423eaf\cf1\highlight2 
\par \cf0\highlight0 [  423.979220]  ? find_vma+0x64/0x70\cf1\highlight2 
\par \cf0\highlight0 [  423.981031]  __get_user_pages+0x1cd/0x720\cf1\highlight2 
\par \cf0\highlight0 [  423.982966]  __get_user_pages_remote+0xcc/0x2d0\cf1\highlight2 
\par \cf0\highlight0 [  424.537365]  __access_remote_vm+0x142/0x330\cf1\highlight2 
\par \cf0\highlight0 [  424.540108]  proc_pid_cmdline_read+0x171/0x3f0\cf1\highlight2 
\par \cf0\highlight0 [  424.542995]  vfs_read+0x95/0x180\cf1\highlight2 
\par \cf0\highlight0 [  424.544782]  ksys_read+0x59/0xd0\cf1\highlight2 
\par \cf0\highlight0 [  424.547186]  do_syscall_64+0x30/0x80\cf1\highlight2 
\par \cf0\highlight0 [  424.549721]  entry_SYSCALL_64_after_hwframe+0x61/0xc6\cf1\highlight2 
\par \cf0\highlight0 [  424.552345] RIP: 0033:0x7f7f0e0e3311\cf1\highlight2 
\par \cf0\highlight0 [  424.554642] Code: fe ff ff 50 48 8d 3d be c2 09 00 e8 d9 00 02 00 66 0f 1f 84 00 00 00 00 00 48 8d 05 e9 53 0d 00 8b 00 85 c0 75 13 31 c0 0f 05 <48> 3d 00 f0 ff ff 77 57 c3 66 0f 1f 44 00 00 41 54 49 89 d4 55 48\cf1\highlight2 
\par \cf0\highlight0 [  424.564659] RSP: 002b:00007ffdc0390638 EFLAGS: 00000246 ORIG_RAX: 0000000000000000\cf1\highlight2 
\par \cf0\highlight0 [  424.567303] RAX: ffffffffffffffda RBX: 000055e00cedb300 RCX: 00007f7f0e0e3311\cf1\highlight2 
\par \cf0\highlight0 [  424.569880] RDX: 0000000000000400 RSI: 000055e00cedb530 RDI: 0000000000000004\cf1\highlight2 
\par \cf0\highlight0 [  424.572380] RBP: 0000000000000d68 R08: 0000000000000008 R09: 0000000000000001\cf1\highlight2 
\par \cf0\highlight0 [  424.575165] R10: 0000000000000000 R11: 0000000000000246 R12: 00007f7f0e1af760\cf1\highlight2 
\par \cf0\highlight0 [  424.577830] R13: 00007f7f0e1b02a0 R14: 00007ffdc03917c0 R15: 00000000000029e1\cf1\highlight2 
\par \cf0\highlight0 [    0.000000] Linux version 5.10.0-21-amd64 (debian-kernel@lists.debian.org) (gcc-10 (Debian 8.3.0-6) 8.3.0, GNU ld (GNU Binutils for Debian) 2.31.1) #1 SMP Debian 5.10.162-1 (2023-01-21)\cf1\highlight2 
\par \cf0\highlight0 [    0.000000] Command line: BOOT_IMAGE=/image-4.2.0-Enterprise_Base/boot/vmlinuz-5.10.0-21-amd64 root=UUID=b13fefc3-4898-498e-bf1f-180508201499 rw console=tty0 console=ttyS0,115200n8 quiet net.ifnames=0 biosdevname=0 loop=image-4.2.0-Enterprise_Base/fs.squashfs loopfstype=squashfs apparmor=1 security=apparmor varlog_size=4096 usbcore.autosuspend=-1 cgroup_enable=memory swapaccount=1 cma=0 memmap=64M$1G softlockup_all_cpu_backtrace=1 irqpoll nr_cpus=1 nousb systemd.unit=kdump-tools.service ata_piix.prefer_ms_hyperv=0 panic=10 debug hpet=disable pcie_port=compat pci=nommconf sonic_platform=x86_64-kvm_x86_64-r0 elfcorehdr=3128692K\cf1\highlight2 
\par \cf0\highlight0 [    0.000000] x86/fpu: Supporting XSAVE feature 0x001: 'x87 floating point registers'\cf1\highlight2 
\par \cf0\highlight0 [    0.000000] x86/fpu: Supporting XSAVE feature 0x002: 'SSE registers'\cf1\highlight2 
\par \cf0\highlight0 [    0.000000] x86/fpu: Supporting XSAVE feature 0x004: 'AVX registers'\cf1\highlight2 
\par \cf0\highlight0 [    0.000000] x86/fpu: xstate_offset[2]:  576, xstate_sizes[2]:  256\cf1\highlight2 
\par \cf0\highlight0 [    0.000000] x86/fpu: Enabled xstate features 0x7, context size is 832 bytes, using 'standard' format.\cf1\highlight2 
\par \cf0\highlight0 [    0.000000] BIOS-provided physical RAM map:\cf1\highlight2 
\par \cf0\highlight0 [    0.000000] BIOS-e820: [mem 0x0000000000000000-0x0000000000000fff] reserved\cf1\highlight2 
\par \cf0\highlight0 [    0.000000] BIOS-e820: [mem 0x0000000000001000-0x000000000009fbff] usable\cf1\highlight2 
\par \cf0\highlight0 [    0.000000] BIOS-e820: [mem 0x000000000009fc00-0x000000000009ffff] reserved\cf1\highlight2 
\par \cf0\highlight0 [    0.000000] BIOS-e820: [mem 0x00000000000f0000-0x00000000000fffff] reserved\cf1\highlight2 
\par \cf0\highlight0 [    0.000000] BIOS-e820: [mem 0x0000000040000000-0x0000000043ffffff] reserved\cf1\highlight2 
\par \cf0\highlight0 [    0.000000] BIOS-e820: [mem 0x00000000a7000000-0x00000000bef5cfff] usable\cf1\highlight2 
\par \cf0\highlight0 [    0.000000] BIOS-e820: [mem 0x00000000befffc00-0x00000000beffffff] usable\cf1\highlight2 
\par \cf0\highlight0 [    0.000000] BIOS-e820: [mem 0x00000000bffdd000-0x00000000bfffffff] reserved\cf1\highlight2 
\par \cf0\highlight0 [    0.000000] BIOS-e820: [mem 0x00000000feffc000-0x00000000feffffff] reserved\cf1\highlight2 
\par \cf0\highlight0 [    0.000000] BIOS-e820: [mem 0x00000000fffc0000-0x00000000ffffffff] reserved\cf1\highlight2 
\par \cf0\highlight0 [    0.000000] NX (Execute Disable) protection: active\cf1\highlight2 
\par \cf0\highlight0 [    0.000000] user-defined physical RAM map:\cf1\highlight2 
\par \cf0\highlight0 [    0.000000] user: [mem 0x0000000000000000-0x0000000000000fff] reserved\cf1\highlight2 
\par \cf0\highlight0 [    0.000000] user: [mem 0x0000000000001000-0x000000000009fbff] usable\cf1\highlight2 
\par \cf0\highlight0 [    0.000000] user: [mem 0x000000000009fc00-0x000000000009ffff] reserved\cf1\highlight2 
\par \cf0\highlight0 [    0.000000] user: [mem 0x00000000000f0000-0x00000000000fffff] reserved\cf1\highlight2 
\par \cf0\highlight0 [    0.000000] user: [mem 0x0000000040000000-0x0000000043ffffff] reserved\cf1\highlight2 
\par \cf0\highlight0 [    0.000000] user: [mem 0x00000000a7000000-0x00000000bef5cfff] usable\cf1\highlight2 
\par \cf0\highlight0 [    0.000000] user: [mem 0x00000000befffc00-0x00000000beffffff] usable\cf1\highlight2 
\par \cf0\highlight0 [    0.000000] user: [mem 0x00000000bffdd000-0x00000000bfffffff] reserved\cf1\highlight2 
\par \cf0\highlight0 [    0.000000] user: [mem 0x00000000feffc000-0x00000000feffffff] reserved\cf1\highlight2 
\par \cf0\highlight0 [    0.000000] user: [mem 0x00000000fffc0000-0x00000000ffffffff] reserved\cf1\highlight2 
\par \cf0\highlight0 [    0.000000] SMBIOS 2.8 present.\cf1\highlight2 
\par \cf0\highlight0 [    0.000000] DMI: QEMU Standard PC (i440FX + PIIX, 1996), BIOS 1.13.0-1ubuntu1.1 04/01/2014\cf1\highlight2 
\par \cf0\highlight0 [    0.000000] Hypervisor detected: KVM\cf1\highlight2 
\par \cf0\highlight0 [    0.000000] kvm-clock: Using msrs 4b564d01 and 4b564d00\cf1\highlight2 
\par \cf0\highlight0 [    0.000000] kvm-clock: cpu 0, msr b8401001, primary cpu clock\cf1\highlight2 
\par \cf0\highlight0 [    0.000000] kvm-clock: using sched offset of 559725573283 cycles\cf1\highlight2 
\par \cf0\highlight0 [    0.000030] clocksource: kvm-clock: mask: 0xffffffffffffffff max_cycles: 0x1cd42e4dffb, max_idle_ns: 881590591483 ns\cf1\highlight2 
\par \cf0\highlight0 [    0.000072] tsc: Detected 2194.846 MHz processor\cf1\highlight2 
\par \cf0\highlight0 [    0.001236] e820: update [mem 0x00000000-0x00000fff] usable ==> reserved\cf1\highlight2 
\par \cf0\highlight0 [    0.001240] e820: remove [mem 0x000a0000-0x000fffff] usable\cf1\highlight2 
\par \cf0\highlight0 [    0.001260] last_pfn = 0xbf000 max_arch_pfn = 0x400000000\cf1\highlight2 
\par \cf0\highlight0 [    0.001487] MTRR default type: write-back\cf1\highlight2 
\par \cf0\highlight0 [    0.001489] MTRR fixed ranges enabled:\cf1\highlight2 
\par \cf0\highlight0 [    0.001490]   00000-9FFFF write-back\cf1\highlight2 
\par \cf0\highlight0 [    0.001492]   A0000-BFFFF uncachable\cf1\highlight2 
\par \cf0\highlight0 [    0.001493]   C0000-FFFFF write-protect\cf1\highlight2 
\par \cf0\highlight0 [    0.001494] MTRR variable ranges enabled:\cf1\highlight2 
\par \cf0\highlight0 [    0.001496]   0 base 00C0000000 mask FFC0000000 uncachable\cf1\highlight2 
\par \cf0\highlight0 [    0.001497]   1 disabled\cf1\highlight2 
\par \cf0\highlight0 [    0.001498]   2 disabled\cf1\highlight2 
\par \cf0\highlight0 [    0.001499]   3 disabled\cf1\highlight2 
\par \cf0\highlight0 [    0.001500]   4 disabled\cf1\highlight2 
\par \cf0\highlight0 [    0.001501]   5 disabled\cf1\highlight2 
\par \cf0\highlight0 [    0.001502]   6 disabled\cf1\highlight2 
\par \cf0\highlight0 [    0.001503]   7 disabled\cf1\highlight2 
\par \cf0\highlight0 [    0.001563] x86/PAT: PAT support disabled because CONFIG_X86_PAT is disabled in the kernel.\cf1\highlight2 
\par \cf0\highlight0 [    0.001632] x86/PAT: Configuration [0-7]: WB  WT  UC- UC  WB  WT  UC- UC\cf1\highlight2 
\par \cf0\highlight0 [    0.001689] x2apic: enabled by BIOS, switching to x2apic ops\cf1\highlight2 
\par \cf0\highlight0 [    0.012219] found SMP MP-table at [mem 0x000f5c50-0x000f5c5f]\cf1\highlight2 
\par \cf0\highlight0 [    0.013542] Using GB pages for direct mapping\cf1\highlight2 
\par \cf0\highlight0 [    0.013751] RAMDISK: [mem 0xba0c0000-0xbbdfffff]\cf1\highlight2 
\par \cf0\highlight0 [    0.013880] ACPI: Early table checksum verification disabled\cf1\highlight2 
\par \cf0\highlight0 [    0.013987] ACPI: RSDP 0x00000000000F5A60 000014 (v00 BOCHS )\cf1\highlight2 
\par \cf0\highlight0 [    0.014007] ACPI: RSDT 0x00000000BFFE1627 000030 (v01 BOCHS  BXPCRSDT 00000001 BXPC 00000001)\cf1\highlight2 
\par \cf0\highlight0 [    0.014065] ACPI: FACP 0x00000000BFFE14F3 000074 (v01 BOCHS  BXPCFACP 00000001 BXPC 00000001)\cf1\highlight2 
\par \cf0\highlight0 [    0.014085] ACPI: DSDT 0x00000000BFFE0040 0014B3 (v01 BOCHS  BXPCDSDT 00000001 BXPC 00000001)\cf1\highlight2 
\par \cf0\highlight0 [    0.014090] ACPI: FACS 0x00000000BFFE0000 000040\cf1\highlight2 
\par \cf0\highlight0 [    0.014094] ACPI: APIC 0x00000000BFFE1567 000088 (v01 BOCHS  BXPCAPIC 00000001 BXPC 00000001)\cf1\highlight2 
\par \cf0\highlight0 [    0.014099] ACPI: HPET 0x00000000BFFE15EF 000038 (v01 BOCHS  BXPCHPET 00000001 BXPC 00000001)\cf1\highlight2 
\par \cf0\highlight0 [    0.014103] ACPI: Reserving FACP table memory at [mem 0xbffe14f3-0xbffe1566]\cf1\highlight2 
\par \cf0\highlight0 [    0.014105] ACPI: Reserving DSDT table memory at [mem 0xbffe0040-0xbffe14f2]\cf1\highlight2 
\par \cf0\highlight0 [    0.014106] ACPI: Reserving FACS table memory at [mem 0xbffe0000-0xbffe003f]\cf1\highlight2 
\par \cf0\highlight0 [    0.014107] ACPI: Reserving APIC table memory at [mem 0xbffe1567-0xbffe15ee]\cf1\highlight2 
\par \cf0\highlight0 [    0.014108] ACPI: Reserving HPET table memory at [mem 0xbffe15ef-0xbffe1626]\cf1\highlight2 
\par \cf0\highlight0 [    0.014167] ACPI: Local APIC address 0xfee00000\cf1\highlight2 
\par \cf0\highlight0 [    0.014207] Setting APIC routing to cluster x2apic.\cf1\highlight2 
\par \cf0\highlight0 [    0.014999] No NUMA configuration found\cf1\highlight2 
\par \cf0\highlight0 [    0.015001] Faking a node at [mem 0x0000000000000000-0x00000000beffffff]\cf1\highlight2 
\par \cf0\highlight0 [    0.015049] NODE_DATA(0) allocated [mem 0xbef32000-0xbef5cfff]\cf1\highlight2 
\par \cf0\highlight0 [    0.015626] cma: dma_contiguous_reserve(limit bef5d000)\cf1\highlight2 
\par \cf0\highlight0 [    0.015896] Zone ranges:\cf1\highlight2 
\par \cf0\highlight0 [    0.015897]   DMA      [mem 0x0000000000001000-0x0000000000ffffff]\cf1\highlight2 
\par \cf0\highlight0 [    0.015899]   DMA32    [mem 0x0000000001000000-0x00000000beffffff]\cf1\highlight2 
\par \cf0\highlight0 [    0.015901]   Normal   empty\cf1\highlight2 
\par \cf0\highlight0 [    0.015903]   Device   empty\cf1\highlight2 
\par \cf0\highlight0 [    0.015904] Movable zone start for each node\cf1\highlight2 
\par \cf0\highlight0 [    0.015908] Early memory node ranges\cf1\highlight2 
\par \cf0\highlight0 [    0.015909]   node   0: [mem 0x0000000000001000-0x000000000009efff]\cf1\highlight2 
\par \cf0\highlight0 [    0.015923]   node   0: [mem 0x00000000a7000000-0x00000000bef5cfff]\cf1\highlight2 
\par \cf0\highlight0 [    0.015938] Initmem setup node 0 [mem 0x0000000000001000-0x00000000bef5cfff]\cf1\highlight2 
\par \cf0\highlight0 [    0.015940] On node 0 totalpages: 98299\cf1\highlight2 
\par \cf0\highlight0 [    0.015954]   DMA zone: 3 pages used for memmap\cf1\highlight2 
\par \cf0\highlight0 [    0.015955]   DMA zone: 21 pages reserved\cf1\highlight2 
\par \cf0\highlight0 [    0.015969]   DMA zone: 158 pages, LIFO batch:0\cf1\highlight2 
\par \cf0\highlight0 [    0.015971]   DMA32 zone: 1534 pages used for memmap\cf1\highlight2 
\par \cf0\highlight0 [    0.015972]   DMA32 zone: 98141 pages, LIFO batch:31\cf1\highlight2 
\par \cf0\highlight0 [    0.016079] On node 0, zone DMA: 1 pages in unavailable ranges\cf1\highlight2 
\par \cf0\highlight0 [    0.036279] On node 0, zone DMA32: 61281 pages in unavailable ranges\cf1\highlight2 
\par \cf0\highlight0 [    0.037322] On node 0, zone DMA32: 4259 pages in unavailable ranges\cf1\highlight2 
\par \cf0\highlight0 [    0.038924] ACPI: PM-Timer IO Port: 0x608\cf1\highlight2 
\par \cf0\highlight0 [    0.038929] ACPI: Local APIC address 0xfee00000\cf1\highlight2 
\par \cf0\highlight0 [    0.038965] APIC: NR_CPUS/possible_cpus limit of 1 almost reached. Keeping one slot for boot cpu.  Processor 0/0x0 ignored.\cf1\highlight2 
\par \cf0\highlight0 [    0.038994] APIC: NR_CPUS/possible_cpus limit of 1 reached. Processor 2/0x2 ignored.\cf1\highlight2 
\par \cf0\highlight0 [    0.038998] ACPI: LAPIC_NMI (acpi_id[0xff] dfl dfl lint[0x1])\cf1\highlight2 
\par \cf0\highlight0 [    0.039126] IOAPIC[0]: apic_id 0, version 17, address 0xfec00000, GSI 0-23\cf1\highlight2 
\par \cf0\highlight0 [    0.039129] ACPI: INT_SRC_OVR (bus 0 bus_irq 0 global_irq 2 dfl dfl)\cf1\highlight2 
\par \cf0\highlight0 [    0.039131] ACPI: INT_SRC_OVR (bus 0 bus_irq 5 global_irq 5 high level)\cf1\highlight2 
\par \cf0\highlight0 [    0.039132] ACPI: INT_SRC_OVR (bus 0 bus_irq 9 global_irq 9 high level)\cf1\highlight2 
\par \cf0\highlight0 [    0.039149] ACPI: INT_SRC_OVR (bus 0 bus_irq 10 global_irq 10 high level)\cf1\highlight2 
\par \cf0\highlight0 [    0.039150] ACPI: INT_SRC_OVR (bus 0 bus_irq 11 global_irq 11 high level)\cf1\highlight2 
\par \cf0\highlight0 [    0.039152] ACPI: IRQ0 used by override.\cf1\highlight2 
\par \cf0\highlight0 [    0.039153] ACPI: IRQ5 used by override.\cf1\highlight2 
\par \cf0\highlight0 [    0.039155] ACPI: IRQ9 used by override.\cf1\highlight2 
\par \cf0\highlight0 [    0.039155] ACPI: IRQ10 used by override.\cf1\highlight2 
\par \cf0\highlight0 [    0.039156] ACPI: IRQ11 used by override.\cf1\highlight2 
\par \cf0\highlight0 [    0.039159] Using ACPI (MADT) for SMP configuration information\cf1\highlight2 
\par \cf0\highlight0 [    0.039162] ACPI: HPET id: 0x8086a201 base: 0xfed00000\cf1\highlight2 
\par \cf0\highlight0 [    0.039181] TSC deadline timer available\cf1\highlight2 
\par \cf0\highlight0 [    0.039201] smpboot: 3 Processors exceeds NR_CPUS limit of 1\cf1\highlight2 
\par \cf0\highlight0 [    0.039202] smpboot: Allowing 1 CPUs, 0 hotplug CPUs\cf1\highlight2 
\par \cf0\highlight0 [    0.039247] kvm-guest: KVM setup pv remote TLB flush\cf1\highlight2 
\par \cf0\highlight0 [    0.039274] kvm-guest: setup PV sched yield\cf1\highlight2 
\par \cf0\highlight0 [    0.039339] PM: hibernation: Registered nosave memory: [mem 0x00000000-0x00000fff]\cf1\highlight2 
\par \cf0\highlight0 [    0.039341] PM: hibernation: Registered nosave memory: [mem 0x0009f000-0x0009ffff]\cf1\highlight2 
\par \cf0\highlight0 [    0.039342] PM: hibernation: Registered nosave memory: [mem 0x000a0000-0x000effff]\cf1\highlight2 
\par \cf0\highlight0 [    0.039343] PM: hibernation: Registered nosave memory: [mem 0x000f0000-0x000fffff]\cf1\highlight2 
\par \cf0\highlight0 [    0.039344] PM: hibernation: Registered nosave memory: [mem 0x00100000-0x3fffffff]\cf1\highlight2 
\par \cf0\highlight0 [    0.039345] PM: hibernation: Registered nosave memory: [mem 0x40000000-0x43ffffff]\cf1\highlight2 
\par \cf0\highlight0 [    0.039346] PM: hibernation: Registered nosave memory: [mem 0x44000000-0xa6ffffff]\cf1\highlight2 
\par \cf0\highlight0 [    0.039348] PM: hibernation: Registered nosave memory: [mem 0xbef5d000-0xbeffffff]\cf1\highlight2 
\par \cf0\highlight0 [    0.039350] [mem 0x44000000-0xa6ffffff] available for PCI devices\cf1\highlight2 
\par \cf0\highlight0 [    0.039351] Booting paravirtualized kernel on KVM\cf1\highlight2 
\par \cf0\highlight0 [    0.039380] clocksource: refined-jiffies: mask: 0xffffffff max_cycles: 0xffffffff, max_idle_ns: 7645519600211568 ns\cf1\highlight2 
\par \cf0\highlight0 [    0.043847] setup_percpu: NR_CPUS:8192 nr_cpumask_bits:1 nr_cpu_ids:1 nr_node_ids:1\cf1\highlight2 
\par \cf0\highlight0 [    0.051648] percpu: Embedded 63 pages/cpu s221184 r8192 d28672 u2097152\cf1\highlight2 
\par \cf0\highlight0 [    0.051686] pcpu-alloc: s221184 r8192 d28672 u2097152 alloc=1*2097152\cf1\highlight2 
\par \cf0\highlight0 [    0.051688] pcpu-alloc: [0] 0\cf1\highlight2 
\par \cf0\highlight0 [    0.051762] kvm-guest: stealtime: cpu 0, msr be235080\cf1\highlight2 
\par \cf0\highlight0 [    0.051775] kvm-guest: PV spinlocks disabled, single CPU\cf1\highlight2 
\par \cf0\highlight0 [    0.051826] Built 1 zonelists, mobility grouping on.  Total pages: 96741\cf1\highlight2 
\par \cf0\highlight0 [    0.051827] Policy zone: DMA32\cf1\highlight2 
\par \cf0\highlight0 [    0.051829] Kernel command line: BOOT_IMAGE=/image-4.2.0-Enterprise_Base/boot/vmlinuz-5.10.0-21-amd64 root=UUID=b13fefc3-4898-498e-bf1f-180508201499 rw console=tty0 console=ttyS0,115200n8 quiet net.ifnames=0 biosdevname=0 loop=image-4.2.0-Enterprise_Base/fs.squashfs loopfstype=squashfs apparmor=1 security=apparmor varlog_size=4096 usbcore.autosuspend=-1 cgroup_enable=memory swapaccount=1 cma=0 memmap=64M$1G softlockup_all_cpu_backtrace=1 irqpoll nr_cpus=1 nousb systemd.unit=kdump-tools.service ata_piix.prefer_ms_hyperv=0 panic=10 debug hpet=disable pcie_port=compat pci=nommconf sonic_platform=x86_64-kvm_x86_64-r0 elfcorehdr=3128692K\cf1\highlight2 
\par \cf0\highlight0 [    0.052157] Misrouted IRQ fixup and polling support enabled\cf1\highlight2 
\par \cf0\highlight0 [    0.052158] This may significantly impact system performance\cf1\highlight2 
\par \cf0\highlight0 [    0.054065] Dentry cache hash table entries: 65536 (order: 7, 524288 bytes, linear)\cf1\highlight2 
\par \cf0\highlight0 [    0.054922] Inode-cache hash table entries: 32768 (order: 6, 262144 bytes, linear)\cf1\highlight2 
\par \cf0\highlight0 [    0.055182] mem auto-init: stack:off, heap alloc:on, heap free:off\cf1\highlight2 
\par \cf0\highlight0 [    0.063551] Memory: 147744K/393196K available (12295K kernel code, 2501K rwdata, 7792K rodata, 2700K init, 5452K bss, 78452K reserved, 0K cma-reserved)\cf1\highlight2 
\par \cf0\highlight0 [    0.064456] SLUB: HWalign=64, Order=0-3, MinObjects=0, CPUs=1, Nodes=1\cf1\highlight2 
\par \cf0\highlight0 [    0.064653] ftrace: allocating 38258 entries in 150 pages\cf1\highlight2 
\par \cf0\highlight0 [    0.116850] ftrace: allocated 150 pages with 4 groups\cf1\highlight2 
\par \cf0\highlight0 [    0.122587] rcu: Hierarchical RCU implementation.\cf1\highlight2 
\par \cf0\highlight0 [    0.122591] rcu:     RCU restricting CPUs from NR_CPUS=8192 to nr_cpu_ids=1.\cf1\highlight2 
\par \cf0\highlight0 [    0.122592]  Rude variant of Tasks RCU enabled.\cf1\highlight2 
\par \cf0\highlight0 [    0.122593]  Tracing variant of Tasks RCU enabled.\cf1\highlight2 
\par \cf0\highlight0 [    0.122595] rcu: RCU calculated value of scheduler-enlistment delay is 25 jiffies.\cf1\highlight2 
\par \cf0\highlight0 [    0.122596] rcu: Adjusting geometry for rcu_fanout_leaf=16, nr_cpu_ids=1\cf1\highlight2 
\par \cf0\highlight0 [    0.130351] NR_IRQS: 524544, nr_irqs: 256, preallocated irqs: 16\cf1\highlight2 
\par \cf0\highlight0 [    0.130918] random: crng init done\cf1\highlight2 
\par \cf0\highlight0 [    0.132449] Console: colour dummy device 80x25\cf1\highlight2 
\par \cf0\highlight0 [    0.132693] printk: console [tty0] enabled\cf1\highlight2 
\par \cf0\highlight0 [    0.569393] printk: console [ttyS0] enabled\cf1\highlight2 
\par \cf0\highlight0 [    0.570659] ACPI: Core revision 20200925\cf1\highlight2 
\par \cf0\highlight0 [    0.571919] APIC: Switch to symmetric I/O mode setup\cf1\highlight2 
\par \cf0\highlight0 [    0.574728] Switched APIC routing to physical x2apic.\cf1\highlight2 
\par \cf0\highlight0 [    0.576126] kvm-guest: setup PV IPIs\cf1\highlight2 
\par \cf0\highlight0 [    0.580080] clocksource: tsc-early: mask: 0xffffffffffffffff max_cycles: 0x1fa32e125ed, max_idle_ns: 440795278010 ns\cf1\highlight2 
\par \cf0\highlight0 [    1.019431] Calibrating delay loop (skipped) preset value.. 4389.69 BogoMIPS (lpj=8779384)\cf1\highlight2 
\par \cf0\highlight0 [    1.021722] pid_max: default: 32768 minimum: 301\cf1\highlight2 
\par \cf0\highlight0 [    1.023070] LSM: Security Framework initializing\cf1\highlight2 
\par \cf0\highlight0 [    1.023425] Yama: disabled by default; enable with sysctl kernel.yama.*\cf1\highlight2 
\par \cf0\highlight0 [    1.023425] AppArmor: AppArmor initialized\cf1\highlight2 
\par \cf0\highlight0 [    1.023425] Mount-cache hash table entries: 1024 (order: 1, 8192 bytes, linear)\cf1\highlight2 
\par \cf0\highlight0 [    1.023425] Mountpoint-cache hash table entries: 1024 (order: 1, 8192 bytes, linear)\cf1\highlight2 
\par \cf0\highlight0 [    1.023425] x86/cpu: User Mode Instruction Prevention (UMIP) activated\cf1\highlight2 
\par \cf0\highlight0 [    1.023425] Last level iTLB entries: 4KB 0, 2MB 0, 4MB 0\cf1\highlight2 
\par \cf0\highlight0 [    1.023425] Last level dTLB entries: 4KB 0, 2MB 0, 4MB 0, 1GB 0\cf1\highlight2 
\par \cf0\highlight0 [    1.023425] Spectre V1 : Mitigation: usercopy/swapgs barriers and __user pointer sanitization\cf1\highlight2 
\par \cf0\highlight0 [    1.023425] Spectre V2 : Mitigation: Enhanced IBRS\cf1\highlight2 
\par \cf0\highlight0 [    1.023425] Spectre V2 : Spectre v2 / SpectreRSB mitigation: Filling RSB on context switch\cf1\highlight2 
\par \cf0\highlight0 [    1.023425] Spectre V2 : Spectre v2 / PBRSB-eIBRS: Retire a single CALL on VMEXIT\cf1\highlight2 
\par \cf0\highlight0 [    1.023425] Spectre V2 : mitigation: Enabling conditional Indirect Branch Prediction Barrier\cf1\highlight2 
\par \cf0\highlight0 [    1.023425] Speculative Store Bypass: Mitigation: Speculative Store Bypass disabled via prctl and seccomp\cf1\highlight2 
\par \cf0\highlight0 [    1.023425] MMIO Stale Data: Vulnerable: Clear CPU buffers attempted, no microcode\cf1\highlight2 
\par \cf0\highlight0 [    1.023425] Freeing SMP alternatives memory: 32K\cf1\highlight2 
\par \cf0\highlight0 [    1.023425] smpboot: CPU0: Intel(R) Xeon(R) Gold 6330N CPU @ 2.20GHz (family: 0x6, model: 0x6a, stepping: 0x6)\cf1\highlight2 
\par \cf0\highlight0 [    1.026050] Performance Events: Icelake events, core PMU driver.\cf1\highlight2 
\par \cf0\highlight0 [    1.027443] core: CPUID marked event: 'cpu cycles' unavailable\cf1\highlight2 
\par \cf0\highlight0 [    1.028930] core: CPUID marked event: 'instructions' unavailable\cf1\highlight2 
\par \cf0\highlight0 [    1.030646] core: CPUID marked event: 'bus cycles' unavailable\cf1\highlight2 
\par \cf0\highlight0 [    1.031437] core: CPUID marked event: 'cache references' unavailable\cf1\highlight2 
\par \cf0\highlight0 [    1.033458] core: CPUID marked event: 'cache misses' unavailable\cf1\highlight2 
\par \cf0\highlight0 [    1.035052] core: CPUID marked event: 'branch instructions' unavailable\cf1\highlight2 
\par \cf0\highlight0 [    1.035437] core: CPUID marked event: 'branch misses' unavailable\cf1\highlight2 
\par \cf0\highlight0 [    1.037054] ... version:                1\cf1\highlight2 
\par \cf0\highlight0 [    1.038127] ... bit width:              48\cf1\highlight2 
\par \cf0\highlight0 [    1.039215] ... generic registers:      8\cf1\highlight2 
\par \cf0\highlight0 [    1.039437] ... value mask:             0000ffffffffffff\cf1\highlight2 
\par \cf0\highlight0 [    1.040866] ... max period:             000000007fffffff\cf1\highlight2 
\par \cf0\highlight0 [    1.042257] ... fixed-purpose events:   0\cf1\highlight2 
\par \cf0\highlight0 [    1.043322] ... event mask:             00000000000000ff\cf1\highlight2 
\par \cf0\highlight0 [    1.043676] rcu: Hierarchical SRCU implementation.\cf1\highlight2 
\par \cf0\highlight0 [    1.045397] NMI watchdog: Perf NMI watchdog permanently disabled\cf1\highlight2 
\par \cf0\highlight0 [    1.047154] smp: Bringing up secondary CPUs ...\cf1\highlight2 
\par \cf0\highlight0 [    1.047439] smp: Brought up 1 node, 1 CPU\cf1\highlight2 
\par \cf0\highlight0 [    1.048507] smpboot: Max logical packages: 3\cf1\highlight2 
\par \cf0\highlight0 [    1.049751] smpboot: Total of 1 processors activated (4389.69 BogoMIPS)\cf1\highlight2 
\par \cf0\highlight0 [    1.060801] node 0 deferred pages initialised in 8ms\cf1\highlight2 
\par \cf0\highlight0 [    1.062321] devtmpfs: initialized\cf1\highlight2 
\par \cf0\highlight0 [    1.063306] x86/mm: Memory block size: 128MB\cf1\highlight2 
\par \cf0\highlight0 [    1.063863] clocksource: jiffies: mask: 0xffffffff max_cycles: 0xffffffff, max_idle_ns: 7645041785100000 ns\cf1\highlight2 
\par \cf0\highlight0 [    1.066449] futex hash table entries: 256 (order: 2, 16384 bytes, linear)\cf1\highlight2 
\par \cf0\highlight0 [    1.067496] pinctrl core: initialized pinctrl subsystem\cf1\highlight2 
\par \cf0\highlight0 [    1.069250] NET: Registered protocol family 16\cf1\highlight2 
\par \cf0\highlight0 [    1.070718] DMA: preallocated 128 KiB GFP_KERNEL pool for atomic allocations\cf1\highlight2 
\par \cf0\highlight0 [    1.071925] DMA: preallocated 128 KiB GFP_KERNEL|GFP_DMA pool for atomic allocations\cf1\highlight2 
\par \cf0\highlight0 [    1.074158] DMA: preallocated 128 KiB GFP_KERNEL|GFP_DMA32 pool for atomic allocations\cf1\highlight2 
\par \cf0\highlight0 [    1.075461] audit: initializing netlink subsys (disabled)\cf1\highlight2 
\par \cf0\highlight0 [    1.077115] thermal_sys: Registered thermal governor 'fair_share'\cf1\highlight2 
\par \cf0\highlight0 [    1.077116] thermal_sys: Registered thermal governor 'bang_bang'\cf1\highlight2 
\par \cf0\highlight0 [    1.078739] thermal_sys: Registered thermal governor 'step_wise'\cf1\highlight2 
\par \cf0\highlight0 [    1.079445] audit: type=2000 audit(1716445153.693:1): state=initialized audit_enabled=0 res=1\cf1\highlight2 
\par \cf0\highlight0 [    1.083382] thermal_sys: Registered thermal governor 'user_space'\cf1\highlight2 
\par \cf0\highlight0 [    1.083383] thermal_sys: Registered thermal governor 'power_allocator'\cf1\highlight2 
\par \cf0\highlight0 [    1.083450] cpuidle: using governor ladder\cf1\highlight2 
\par \cf0\highlight0 [    1.086406] cpuidle: using governor menu\cf1\highlight2 
\par \cf0\highlight0 [    1.087593] ACPI: bus type PCI registered\cf1\highlight2 
\par \cf0\highlight0 [    1.088652] acpiphp: ACPI Hot Plug PCI Controller Driver version: 0.5\cf1\highlight2 
\par \cf0\highlight0 [    1.090596] PCI: Using configuration type 1 for base access\cf1\highlight2 
\par \cf0\highlight0 [    1.092313] Kprobes globally optimized\cf1\highlight2 
\par \cf0\highlight0 [    1.093568] HugeTLB registered 1.00 GiB page size, pre-allocated 0 pages\cf1\highlight2 
\par \cf0\highlight0 [    1.095393] HugeTLB registered 2.00 MiB page size, pre-allocated 0 pages\cf1\highlight2 
\par \cf0\highlight0 [    1.218260] ACPI: Added _OSI(Module Device)\cf1\highlight2 
\par \cf0\highlight0 [    1.219441] ACPI: Added _OSI(Processor Device)\cf1\highlight2 
\par \cf0\highlight0 [    1.220588] ACPI: Added _OSI(3.0 _SCP Extensions)\cf1\highlight2 
\par \cf0\highlight0 [    1.221821] ACPI: Added _OSI(Processor Aggregator Device)\cf1\highlight2 
\par \cf0\highlight0 [    1.223234] ACPI: Added _OSI(Linux-Dell-Video)\cf1\highlight2 
\par \cf0\highlight0 [    1.223436] ACPI: Added _OSI(Linux-Lenovo-NV-HDMI-Audio)\cf1\highlight2 
\par \cf0\highlight0 [    1.224851] ACPI: Added _OSI(Linux-HPI-Hybrid-Graphics)\cf1\highlight2 
\par \cf0\highlight0 [    1.226767] ACPI: 1 ACPI AML tables successfully acquired and loaded\cf1\highlight2 
\par \cf0\highlight0 [    1.228070] ACPI: Interpreter enabled\cf1\highlight2 
\par \cf0\highlight0 [    1.229066] ACPI: (supports S0 S3 S4 S5)\cf1\highlight2 
\par \cf0\highlight0 [    1.230103] ACPI: Using IOAPIC for interrupt routing\cf1\highlight2 
\par \cf0\highlight0 [    1.231484] PCI: Using host bridge windows from ACPI; if necessary, use "pci=nocrs" and report a bug\cf1\highlight2 
\par \cf0\highlight0 [    1.234033] ACPI: Enabled 2 GPEs in block 00 to 0F\cf1\highlight2 
\par \cf0\highlight0 [    1.237752] ACPI: PCI Root Bridge [PCI0] (domain 0000 [bus 00-ff])\cf1\highlight2 
\par \cf0\highlight0 [    1.239449] acpi PNP0A03:00: _OSC: OS supports [ASPM ClockPM Segments MSI HPX-Type3]\cf1\highlight2 
\par \cf0\highlight0 [    1.241603] acpi PNP0A03:00: MMCONFIG is disabled, can't access extended PCI configuration space under this bridge.\cf1\highlight2 
\par \cf0\highlight0 [    1.243736] acpiphp: Slot [3] registered\cf1\highlight2 
\par \cf0\highlight0 [    1.244839] acpiphp: Slot [4] registered\cf1\highlight2 
\par \cf0\highlight0 [    1.245942] acpiphp: Slot [5] registered\cf1\highlight2 
\par \cf0\highlight0 [    1.247008] acpiphp: Slot [6] registered\cf1\highlight2 
\par \cf0\highlight0 [    1.247466] acpiphp: Slot [7] registered\cf1\highlight2 
\par \cf0\highlight0 [    1.248521] acpiphp: Slot [8] registered\cf1\highlight2 
\par \cf0\highlight0 [    1.249622] acpiphp: Slot [9] registered\cf1\highlight2 
\par \cf0\highlight0 [    1.250674] acpiphp: Slot [10] registered\cf1\highlight2 
\par \cf0\highlight0 [    1.251466] acpiphp: Slot [11] registered\cf1\highlight2 
\par \cf0\highlight0 [    1.252530] acpiphp: Slot [12] registered\cf1\highlight2 
\par \cf0\highlight0 [    1.253654] acpiphp: Slot [13] registered\cf1\highlight2 
\par \cf0\highlight0 [    1.254729] acpiphp: Slot [14] registered\cf1\highlight2 
\par \cf0\highlight0 [    1.255474] acpiphp: Slot [15] registered\cf1\highlight2 
\par \cf0\highlight0 [    1.256576] acpiphp: Slot [16] registered\cf1\highlight2 
\par \cf0\highlight0 [    1.257692] acpiphp: Slot [17] registered\cf1\highlight2 
\par \cf0\highlight0 [    1.258818] acpiphp: Slot [18] registered\cf1\highlight2 
\par \cf0\highlight0 [    1.259467] acpiphp: Slot [19] registered\cf1\highlight2 
\par \cf0\highlight0 [    1.260699] acpiphp: Slot [20] registered\cf1\highlight2 
\par \cf0\highlight0 [    1.261971] acpiphp: Slot [21] registered\cf1\highlight2 
\par \cf0\highlight0 [    1.263089] acpiphp: Slot [22] registered\cf1\highlight2 
\par \cf0\highlight0 [    1.263468] acpiphp: Slot [23] registered\cf1\highlight2 
\par \cf0\highlight0 [    1.264536] acpiphp: Slot [24] registered\cf1\highlight2 
\par \cf0\highlight0 [    1.265665] acpiphp: Slot [25] registered\cf1\highlight2 
\par \cf0\highlight0 [    1.266717] acpiphp: Slot [26] registered\cf1\highlight2 
\par \cf0\highlight0 [    1.267465] acpiphp: Slot [27] registered\cf1\highlight2 
\par \cf0\highlight0 [    1.268645] acpiphp: Slot [28] registered\cf1\highlight2 
\par \cf0\highlight0 [    1.269800] acpiphp: Slot [29] registered\cf1\highlight2 
\par \cf0\highlight0 [    1.270941] acpiphp: Slot [30] registered\cf1\highlight2 
\par \cf0\highlight0 [    1.271464] acpiphp: Slot [31] registered\cf1\highlight2 
\par \cf0\highlight0 [    1.272531] PCI host bridge to bus 0000:00\cf1\highlight2 
\par \cf0\highlight0 [    1.273622] pci_bus 0000:00: root bus resource [io  0x0000-0x0cf7 window]\cf1\highlight2 
\par \cf0\highlight0 [    1.275374] pci_bus 0000:00: root bus resource [io  0x0d00-0xffff window]\cf1\highlight2 
\par \cf0\highlight0 [    1.275437] pci_bus 0000:00: root bus resource [mem 0x000a0000-0x000bffff window]\cf1\highlight2 
\par \cf0\highlight0 [    1.277377] pci_bus 0000:00: root bus resource [mem 0xc0000000-0xfebfffff window]\cf1\highlight2 
\par \cf0\highlight0 [    1.279309] pci_bus 0000:00: root bus resource [mem 0x240000000-0x2bfffffff window]\cf1\highlight2 
\par \cf0\highlight0 [    1.279439] pci_bus 0000:00: root bus resource [bus 00-ff]\cf1\highlight2 
\par \cf0\highlight0 [    1.281020] pci 0000:00:00.0: [8086:1237] type 00 class 0x060000\cf1\highlight2 
\par \cf0\highlight0 [    1.283820] pci 0000:00:01.0: [8086:7000] type 00 class 0x060100\cf1\highlight2 
\par \cf0\highlight0 [    1.287063] pci 0000:00:01.1: [8086:7010] type 00 class 0x010180\cf1\highlight2 
\par \cf0\highlight0 [    1.290262] pci 0000:00:01.1: reg 0x20: [io  0xc300-0xc30f]\cf1\highlight2 
\par \cf0\highlight0 [    1.292345] pci 0000:00:01.1: legacy IDE quirk: reg 0x10: [io  0x01f0-0x01f7]\cf1\highlight2 
\par \cf0\highlight0 [    1.294253] pci 0000:00:01.1: legacy IDE quirk: reg 0x14: [io  0x03f6]\cf1\highlight2 
\par \cf0\highlight0 [    1.295437] pci 0000:00:01.1: legacy IDE quirk: reg 0x18: [io  0x0170-0x0177]\cf1\highlight2 
\par \cf0\highlight0 [    1.297512] pci 0000:00:01.1: legacy IDE quirk: reg 0x1c: [io  0x0376]\cf1\highlight2 
\par \cf0\highlight0 [    1.299676] pci 0000:00:01.3: [8086:7113] type 00 class 0x068000\cf1\highlight2 
\par \cf0\highlight0 [    1.302986] pci 0000:00:01.3: quirk: [io  0x0600-0x063f] claimed by PIIX4 ACPI\cf1\highlight2 
\par \cf0\highlight0 [    1.303460] pci 0000:00:01.3: quirk: [io  0x0700-0x070f] claimed by PIIX4 SMB\cf1\highlight2 
\par \cf0\highlight0 [    1.305873] pci 0000:00:02.0: [1234:1111] type 00 class 0x030000\cf1\highlight2 
\par \cf0\highlight0 [    1.312668] pci 0000:00:02.0: reg 0x10: [mem 0xfd000000-0xfdffffff pref]\cf1\highlight2 
\par \cf0\highlight0 [    1.320648] pci 0000:00:02.0: reg 0x18: [mem 0xfebd0000-0xfebd0fff]\cf1\highlight2 
\par \cf0\highlight0 [    1.330727] pci 0000:00:02.0: reg 0x30: [mem 0xfebc0000-0xfebcffff pref]\cf1\highlight2 
\par \cf0\highlight0 [    1.335424] pci 0000:00:03.0: [8086:100e] type 00 class 0x020000\cf1\highlight2 
\par \cf0\highlight0 [    1.337798] pci 0000:00:03.0: reg 0x10: [mem 0xfea80000-0xfea9ffff]\cf1\highlight2 
\par \cf0\highlight0 [    1.342517] pci 0000:00:03.0: reg 0x14: [io  0xc080-0xc0bf]\cf1\highlight2 
\par \cf0\highlight0 [    1.347444] pci 0000:00:03.0: reg 0x30: [mem 0xfe580000-0xfe5fffff pref]\cf1\highlight2 
\par \cf0\highlight0 [    1.349823] pci 0000:00:04.0: [8086:100e] type 00 class 0x020000\cf1\highlight2 
\par \cf0\highlight0 [    1.352247] pci 0000:00:04.0: reg 0x10: [mem 0xfeaa0000-0xfeabffff]\cf1\highlight2 
\par \cf0\highlight0 [    1.354578] pci 0000:00:04.0: reg 0x14: [io  0xc0c0-0xc0ff]\cf1\highlight2 
\par \cf0\highlight0 [    1.358937] pci 0000:00:04.0: reg 0x30: [mem 0xfe600000-0xfe67ffff pref]\cf1\highlight2 
\par \cf0\highlight0 [    1.359932] pci 0000:00:05.0: [8086:100e] type 00 class 0x020000\cf1\highlight2 
\par \cf0\highlight0 [    1.362435] pci 0000:00:05.0: reg 0x10: [mem 0xfeac0000-0xfeadffff]\cf1\highlight2 
\par \cf0\highlight0 [    1.364109] pci 0000:00:05.0: reg 0x14: [io  0xc100-0xc13f]\cf1\highlight2 
\par \cf0\highlight0 [    1.369357] pci 0000:00:05.0: reg 0x30: [mem 0xfe680000-0xfe6fffff pref]\cf1\highlight2 
\par \cf0\highlight0 [    1.371721] pci 0000:00:06.0: [8086:100e] type 00 class 0x020000\cf1\highlight2 
\par \cf0\highlight0 [    1.374276] pci 0000:00:06.0: reg 0x10: [mem 0xfeae0000-0xfeafffff]\cf1\highlight2 
\par \cf0\highlight0 [    1.376096] pci 0000:00:06.0: reg 0x14: [io  0xc140-0xc17f]\cf1\highlight2 
\par \cf0\highlight0 [    1.380935] pci 0000:00:06.0: reg 0x30: [mem 0xfe700000-0xfe77ffff pref]\cf1\highlight2 
\par \cf0\highlight0 [    1.383214] pci 0000:00:07.0: [8086:100e] type 00 class 0x020000\cf1\highlight2 
\par \cf0\highlight0 [    1.384233] pci 0000:00:07.0: reg 0x10: [mem 0xfeb00000-0xfeb1ffff]\cf1\highlight2 
\par \cf0\highlight0 [    1.386578] pci 0000:00:07.0: reg 0x14: [io  0xc180-0xc1bf]\cf1\highlight2 
\par \cf0\highlight0 [    1.390901] pci 0000:00:07.0: reg 0x30: [mem 0xfe780000-0xfe7fffff pref]\cf1\highlight2 
\par \cf0\highlight0 [    1.391930] pci 0000:00:08.0: [8086:100e] type 00 class 0x020000\cf1\highlight2 
\par \cf0\highlight0 [    1.395442] pci 0000:00:08.0: reg 0x10: [mem 0xfeb20000-0xfeb3ffff]\cf1\highlight2 
\par \cf0\highlight0 [    1.398182] pci 0000:00:08.0: reg 0x14: [io  0xc1c0-0xc1ff]\cf1\highlight2 
\par \cf0\highlight0 [    1.402679] pci 0000:00:08.0: reg 0x30: [mem 0xfe800000-0xfe87ffff pref]\cf1\highlight2 
\par \cf0\highlight0 [    1.403933] pci 0000:00:09.0: [8086:100e] type 00 class 0x020000\cf1\highlight2 
\par \cf0\highlight0 [    1.406711] pci 0000:00:09.0: reg 0x10: [mem 0xfeb40000-0xfeb5ffff]\cf1\highlight2 
\par \cf0\highlight0 [    1.408067] pci 0000:00:09.0: reg 0x14: [io  0xc200-0xc23f]\cf1\highlight2 
\par \cf0\highlight0 [    1.413249] pci 0000:00:09.0: reg 0x30: [mem 0xfe880000-0xfe8fffff pref]\cf1\highlight2 
\par \cf0\highlight0 [    1.415585] pci 0000:00:0a.0: [8086:100e] type 00 class 0x020000\cf1\highlight2 
\par \cf0\highlight0 [    1.418044] pci 0000:00:0a.0: reg 0x10: [mem 0xfeb60000-0xfeb7ffff]\cf1\highlight2 
\par \cf0\highlight0 [    1.420152] pci 0000:00:0a.0: reg 0x14: [io  0xc240-0xc27f]\cf1\highlight2 
\par \cf0\highlight0 [    1.426158] pci 0000:00:0a.0: reg 0x30: [mem 0xfe900000-0xfe97ffff pref]\cf1\highlight2 
\par \cf0\highlight0 [    1.427980] pci 0000:00:0b.0: [8086:100e] type 00 class 0x020000\cf1\highlight2 
\par \cf0\highlight0 [    1.430472] pci 0000:00:0b.0: reg 0x10: [mem 0xfeb80000-0xfeb9ffff]\cf1\highlight2 
\par \cf0\highlight0 [    1.432176] pci 0000:00:0b.0: reg 0x14: [io  0xc280-0xc2bf]\cf1\highlight2 
\par \cf0\highlight0 [    1.436719] pci 0000:00:0b.0: reg 0x30: [mem 0xfe980000-0xfe9fffff pref]\cf1\highlight2 
\par \cf0\highlight0 [    1.438984] pci 0000:00:0c.0: [8086:100e] type 00 class 0x020000\cf1\highlight2 
\par \cf0\highlight0 [    1.440261] pci 0000:00:0c.0: reg 0x10: [mem 0xfeba0000-0xfebbffff]\cf1\highlight2 
\par \cf0\highlight0 [    1.442609] pci 0000:00:0c.0: reg 0x14: [io  0xc2c0-0xc2ff]\cf1\highlight2 
\par \cf0\highlight0 [    1.446528] pci 0000:00:0c.0: reg 0x30: [mem 0xfea00000-0xfea7ffff pref]\cf1\highlight2 
\par \cf0\highlight0 [    1.448225] pci 0000:00:0d.0: [1af4:1001] type 00 class 0x010000\cf1\highlight2 
\par \cf0\highlight0 [    1.450724] pci 0000:00:0d.0: reg 0x10: [io  0xc000-0xc07f]\cf1\highlight2 
\par \cf0\highlight0 [    1.452089] pci 0000:00:0d.0: reg 0x14: [mem 0xfebd1000-0xfebd1fff]\cf1\highlight2 
\par \cf0\highlight0 [    1.456020] pci 0000:00:0d.0: reg 0x20: [mem 0xfe000000-0xfe003fff 64bit pref]\cf1\highlight2 
\par \cf0\highlight0 [    1.462601] ACPI: PCI Interrupt Link [LNKA] (IRQs 5 *10 11)\cf1\highlight2 
\par \cf0\highlight0 [    1.463610] ACPI: PCI Interrupt Link [LNKB] (IRQs 5 *10 11)\cf1\highlight2 
\par \cf0\highlight0 [    1.465262] ACPI: PCI Interrupt Link [LNKC] (IRQs 5 10 *11)\cf1\highlight2 
\par \cf0\highlight0 [    1.467034] ACPI: PCI Interrupt Link [LNKD] (IRQs 5 10 *11)\cf1\highlight2 
\par \cf0\highlight0 [    1.467517] ACPI: PCI Interrupt Link [LNKS] (IRQs *9)\cf1\highlight2 
\par \cf0\highlight0 [    1.469189] APIC: NR_CPUS/possible_cpus limit of 1 reached. Processor 3/0x0 ignored.\cf1\highlight2 
\par \cf0\highlight0 [    1.471336] ACPI: Unable to map lapic to logical cpu number\cf1\highlight2 
\par \cf0\highlight0 [    1.471642] APIC: NR_CPUS/possible_cpus limit of 1 reached. Processor 4/0x2 ignored.\cf1\highlight2 
\par \cf0\highlight0 [    1.473709] ACPI: Unable to map lapic to logical cpu number\cf1\highlight2 
\par \cf0\highlight0 [    1.476826] iommu: Default domain type: Translated\cf1\highlight2 
\par \cf0\highlight0 [    1.478751] pci 0000:00:02.0: vgaarb: setting as boot VGA device\cf1\highlight2 
\par \cf0\highlight0 [    1.479425] pci 0000:00:02.0: vgaarb: VGA device added: decodes=io+mem,owns=io+mem,locks=none\cf1\highlight2 
\par \cf0\highlight0 [    1.479445] pci 0000:00:02.0: vgaarb: bridge control possible\cf1\highlight2 
\par \cf0\highlight0 [    1.481034] vgaarb: loaded\cf1\highlight2 
\par \cf0\highlight0 [    1.482458] pps_core: LinuxPPS API ver. 1 registered\cf1\highlight2 
\par \cf0\highlight0 [    1.483452] pps_core: Software ver. 5.3.6 - Copyright 2005-2007 Rodolfo Giometti <giometti@linux.it>\cf1\highlight2 
\par \cf0\highlight0 [    1.486227] EDAC MC: Ver: 3.0.0\cf1\highlight2 
\par \cf0\highlight0 [    1.490085] NetLabel: Initializing\cf1\highlight2 
\par \cf0\highlight0 [    1.491061] NetLabel:  domain hash size = 128\cf1\highlight2 
\par \cf0\highlight0 [    1.491440] NetLabel:  protocols = UNLABELED CIPSOv4 CALIPSO\cf1\highlight2 
\par \cf0\highlight0 [    1.493145] NetLabel:  unlabeled traffic allowed by default\cf1\highlight2 
\par \cf0\highlight0 [    1.494722] PCI: Using ACPI for IRQ routing\cf1\highlight2 
\par \cf0\highlight0 [    1.495455] PCI: pci_cache_line_size set to 64 bytes\cf1\highlight2 
\par \cf0\highlight0 [    1.497765] e820: reserve RAM buffer [mem 0x0009fc00-0x0009ffff]\cf1\highlight2 
\par \cf0\highlight0 [    1.499458] e820: reserve RAM buffer [mem 0xbef5d000-0xbfffffff]\cf1\highlight2 
\par \cf0\highlight0 [    1.501135] e820: reserve RAM buffer [mem 0xbf000000-0xbfffffff]\cf1\highlight2 
\par \cf0\highlight0 [    1.503648] clocksource: Switched to clocksource kvm-clock\cf1\highlight2 
\par \cf0\highlight0 [    1.525039] VFS: Disk quotas dquot_6.6.0\cf1\highlight2 
\par \cf0\highlight0 [    1.526349] VFS: Dquot-cache hash table entries: 512 (order 0, 4096 bytes)\cf1\highlight2 
\par \cf0\highlight0 [    1.529023] AppArmor: AppArmor Filesystem Enabled\cf1\highlight2 
\par \cf0\highlight0 [    1.530926] pnp: PnP ACPI init\cf1\highlight2 
\par \cf0\highlight0 [    1.532107] pnp 00:00: Plug and Play ACPI device, IDs PNP0b00 (active)\cf1\highlight2 
\par \cf0\highlight0 [    1.533968] pnp 00:01: Plug and Play ACPI device, IDs PNP0303 (active)\cf1\highlight2 
\par \cf0\highlight0 [    1.535928] pnp 00:02: Plug and Play ACPI device, IDs PNP0f13 (active)\cf1\highlight2 
\par \cf0\highlight0 [    1.537709] pnp 00:03: [dma 2]\cf1\highlight2 
\par \cf0\highlight0 [    1.538586] pnp 00:03: Plug and Play ACPI device, IDs PNP0700 (active)\cf1\highlight2 
\par \cf0\highlight0 [    1.540452] pnp 00:04: Plug and Play ACPI device, IDs PNP0400 (active)\cf1\highlight2 
\par \cf0\highlight0 [    1.542305] pnp 00:05: Plug and Play ACPI device, IDs PNP0501 (active)\cf1\highlight2 
\par \cf0\highlight0 [    1.544402] pnp: PnP ACPI: found 6 devices\cf1\highlight2 
\par \cf0\highlight0 [    1.552764] clocksource: acpi_pm: mask: 0xffffff max_cycles: 0xffffff, max_idle_ns: 2085701024 ns\cf1\highlight2 
\par \cf0\highlight0 [    1.555673] NET: Registered protocol family 2\cf1\highlight2 
\par \cf0\highlight0 [    1.557112] IP idents hash table entries: 8192 (order: 4, 65536 bytes, linear)\cf1\highlight2 
\par \cf0\highlight0 [    1.567051] tcp_listen_portaddr_hash hash table entries: 256 (order: 0, 4096 bytes, linear)\cf1\highlight2 
\par \cf0\highlight0 [    1.569635] TCP established hash table entries: 4096 (order: 3, 32768 bytes, linear)\cf1\highlight2 
\par \cf0\highlight0 [    1.571882] TCP bind hash table entries: 4096 (order: 4, 65536 bytes, linear)\cf1\highlight2 
\par \cf0\highlight0 [    1.573833] TCP: Hash tables configured (established 4096 bind 4096)\cf1\highlight2 
\par \cf0\highlight0 [    1.575746] UDP hash table entries: 256 (order: 1, 8192 bytes, linear)\cf1\highlight2 
\par \cf0\highlight0 [    1.577512] UDP-Lite hash table entries: 256 (order: 1, 8192 bytes, linear)\cf1\highlight2 
\par \cf0\highlight0 [    1.579888] NET: Registered protocol family 1\cf1\highlight2 
\par \cf0\highlight0 [    1.581112] NET: Registered protocol family 44\cf1\highlight2 
\par \cf0\highlight0 [    1.582530] pci_bus 0000:00: resource 4 [io  0x0000-0x0cf7 window]\cf1\highlight2 
\par \cf0\highlight0 [    1.584435] pci_bus 0000:00: resource 5 [io  0x0d00-0xffff window]\cf1\highlight2 
\par \cf0\highlight0 [    1.586193] pci_bus 0000:00: resource 6 [mem 0x000a0000-0x000bffff window]\cf1\highlight2 
\par \cf0\highlight0 [    1.588145] pci_bus 0000:00: resource 7 [mem 0xc0000000-0xfebfffff window]\cf1\highlight2 
\par \cf0\highlight0 [    1.590034] pci_bus 0000:00: resource 8 [mem 0x240000000-0x2bfffffff window]\cf1\highlight2 
\par \cf0\highlight0 [    1.592102] pci 0000:00:00.0: Limiting direct PCI/PCI transfers\cf1\highlight2 
\par \cf0\highlight0 [    1.593746] pci 0000:00:01.0: Activating ISA DMA hang workarounds\cf1\highlight2 
\par \cf0\highlight0 [    1.595613] pci 0000:00:02.0: Video device with shadowed ROM at [mem 0x000c0000-0x000dffff]\cf1\highlight2 
\par \cf0\highlight0 [    1.598163] PCI: CLS 0 bytes, default 64\cf1\highlight2 
\par \cf0\highlight0 [    1.599554] Trying to unpack rootfs image as initramfs...\cf1\highlight2 
\par \cf0\highlight0 [    2.645972] Freeing initrd memory: 29952K\cf1\highlight2 
\par \cf0\highlight0 [    2.647615] clocksource: tsc: mask: 0xffffffffffffffff max_cycles: 0x1fa32e125ed, max_idle_ns: 440795278010 ns\cf1\highlight2 
\par \cf0\highlight0 [    2.650970] Initialise system trusted keyrings\cf1\highlight2 
\par \cf0\highlight0 [    2.652326] Key type blacklist registered\cf1\highlight2 
\par \cf0\highlight0 [    2.653641] workingset: timestamp_bits=36 max_order=17 bucket_order=0\cf1\highlight2 
\par \cf0\highlight0 [    2.656713] zbud: loaded\cf1\highlight2 
\par \cf0\highlight0 [    2.657892] integrity: Platform Keyring initialized\cf1\highlight2 
\par \cf0\highlight0 [    2.659229] Key type asymmetric registered\cf1\highlight2 
\par \cf0\highlight0 [    2.660427] Asymmetric key parser 'x509' registered\cf1\highlight2 
\par \cf0\highlight0 [    2.661771] Block layer SCSI generic (bsg) driver version 0.4 loaded (major 249)\cf1\highlight2 
\par \cf0\highlight0 [    2.663954] io scheduler mq-deadline registered\cf1\highlight2 
\par \cf0\highlight0 [    2.665866] shpchp: Standard Hot Plug PCI Controller Driver version: 0.4\cf1\highlight2 
\par \cf0\highlight0 [    2.667716] intel_idle: Please enable MWAIT in BIOS SETUP\cf1\highlight2 
\par \cf0\highlight0 [    2.669717] Serial: 8250/16550 driver, 4 ports, IRQ sharing enabled\cf1\highlight2 
\par \cf0\highlight0 [    2.672592] 00:05: ttyS0 at I/O 0x3f8 (irq = 4, base_baud = 115200) is a 16550A\cf1\highlight2 
\par \cf0\highlight0 [    2.675342] hpet_acpi_add: no address or irqs in _CRS\cf1\highlight2 
\par \cf0\highlight0 [    2.676811] Linux agpgart interface v0.103\cf1\highlight2 
\par \cf0\highlight0 [    2.678261] AMD-Vi: AMD IOMMUv2 functionality not available on this system - This is not a bug.\cf1\highlight2 
\par \cf0\highlight0 [    2.681264] i8042: PNP: PS/2 Controller [PNP0303:KBD,PNP0f13:MOU] at 0x60,0x64 irq 1,12\cf1\highlight2 
\par \cf0\highlight0 [    2.685174] serio: i8042 KBD port at 0x60,0x64 irq 1\cf1\highlight2 
\par \cf0\highlight0 [    2.686555] serio: i8042 AUX port at 0x60,0x64 irq 12\cf1\highlight2 
\par \cf0\highlight0 [    2.688136] mousedev: PS/2 mouse device common for all mice\cf1\highlight2 
\par \cf0\highlight0 [    2.690255] input: AT Translated Set 2 keyboard as /devices/platform/i8042/serio0/input/input0\cf1\highlight2 
\par \cf0\highlight0 [    2.693228] rtc_cmos 00:00: RTC can wake from S4\cf1\highlight2 
\par \cf0\highlight0 [    2.695671] rtc_cmos 00:00: registered as rtc0\cf1\highlight2 
\par \cf0\highlight0 [    2.697115] rtc_cmos 00:00: setting system clock to 2024-05-23T06:19:16 UTC (1716445156)\cf1\highlight2 
\par \cf0\highlight0 [    2.699393] rtc_cmos 00:00: alarms up to one day, y3k, 114 bytes nvram\cf1\highlight2 
\par \cf0\highlight0 [    2.701228] intel_pstate: CPU model not supported\cf1\highlight2 
\par \cf0\highlight0 [    2.702692] ledtrig-cpu: registered to indicate activity on CPUs\cf1\highlight2 
\par \cf0\highlight0 [    2.704959] NET: Registered protocol family 10\cf1\highlight2 
\par \cf0\highlight0 [    2.722128] Segment Routing with IPv6\cf1\highlight2 
\par \cf0\highlight0 [    2.723256] mip6: Mobile IPv6\cf1\highlight2 
\par \cf0\highlight0 [    2.724171] NET: Registered protocol family 17\cf1\highlight2 
\par \cf0\highlight0 [    2.725605] mpls_gso: MPLS GSO support\cf1\highlight2 
\par \cf0\highlight0 [    2.727338] IPI shorthand broadcast: enabled\cf1\highlight2 
\par \cf0\highlight0 [    2.728655] sched_clock: Marking stable (1840016539, 888531677)->(4009922267, -1281374051)\cf1\highlight2 
\par \cf0\highlight0 [    2.731014] registered taskstats version 1\cf1\highlight2 
\par \cf0\highlight0 [    2.732214] Loading compiled-in X.509 certificates\cf1\highlight2 
\par \cf0\highlight0 [    2.762202] Loaded X.509 cert 'Debian Secure Boot CA: 6ccece7e4c6c0d1f6149f3dd27dfcc5cbb419ea1'\cf1\highlight2 
\par \cf0\highlight0 [    2.765334] Loaded X.509 cert 'Debian Secure Boot Signer 2022 - linux: 14011249c2675ea8e5148542202005810584b25f'\cf1\highlight2 
\par \cf0\highlight0 [    2.768195] zswap: loaded using pool lzo/zbud\cf1\highlight2 
\par \cf0\highlight0 [    2.769629] Key type .fscrypt registered\cf1\highlight2 
\par \cf0\highlight0 [    2.770726] Key type fscrypt-provisioning registered\cf1\highlight2 
\par \cf0\highlight0 [    2.772165] AppArmor: AppArmor sha1 policy hashing enabled\cf1\highlight2 
\par \cf0\highlight0 [    2.777740] Freeing unused decrypted memory: 2036K\cf1\highlight2 
\par \cf0\highlight0 [    2.785245] Freeing unused kernel image (initmem) memory: 2700K\cf1\highlight2 
\par \cf0\highlight0 [    2.787498] Write protecting the kernel read-only data: 22528k\cf1\highlight2 
\par \cf0\highlight0 [    2.796069] Freeing unused kernel image (text/rodata gap) memory: 2040K\cf1\highlight2 
\par \cf0\highlight0 [    2.798403] Freeing unused kernel image (rodata/data gap) memory: 400K\cf1\highlight2 
\par \cf0\highlight0 [    2.812905] x86/mm: Checked W+X mappings: passed, no W+X pages found.\cf1\highlight2 
\par \cf0\highlight0 [    2.814843] Run /init as init process\cf1\highlight2 
\par \cf0\highlight0 [    2.815887]   with arguments:\cf1\highlight2 
\par \cf0\highlight0 [    2.816694]     /init\cf1\highlight2 
\par \cf0\highlight0 [    2.817335]     nousb\cf1\highlight2 
\par \cf0\highlight0 [    2.817965]   with environment:\cf1\highlight2 
\par \cf0\highlight0 [    2.818812]     HOME=/\cf1\highlight2 
\par \cf0\highlight0 [    2.819495]     TERM=linux\cf1\highlight2 
\par \cf0\highlight0 [    2.820237]     BOOT_IMAGE=/image-4.2.0-Enterprise_Base/boot/vmlinuz-5.10.0-21-amd64\cf1\highlight2 
\par \cf0\highlight0 [    2.822470]     biosdevname=0\cf1\highlight2 
\par \cf0\highlight0 [    2.823280]     loop=image-4.2.0-Enterprise_Base/fs.squashfs\cf1\highlight2 
\par \cf0\highlight0 [    2.824864]     loopfstype=squashfs\cf1\highlight2 
\par \cf0\highlight0 [    2.825851]     varlog_size=4096\cf1\highlight2 
\par \cf0\highlight0 [    2.826735]     cgroup_enable=memory\cf1\highlight2 
\par \cf0\highlight0 [    2.827737]     softlockup_all_cpu_backtrace=1\cf1\highlight2 
\par \cf0\highlight0 [    2.828950]     pcie_port=compat\cf1\highlight2 
\par \cf0\highlight0 [    2.829843]     sonic_platform=x86_64-kvm_x86_64-r0\cf1\highlight2 
\par \cf0\highlight0 + '[' -z  ]\cf1\highlight2 
\par \cf0\highlight0 + BOOT=local\cf1\highlight2 
\par \cf0\highlight0 + '[' -n  ]\cf1\highlight2 
\par \cf0\highlight0 + '['  '=' none ]\cf1\highlight2 
\par \cf0\highlight0 + resume=\cf1\highlight2 
\par \cf0\highlight0 + mount -t tmpfs -o 'noexec,nosuid,size=10%,mode=0755' tmpfs /run\cf1\highlight2 
\par \cf0\highlight0 + mkdir -m 0755 /run/initramfs\cf1\highlight2 
\par \cf0\highlight0 + '[' -n /run/initramfs/initramfs.debug ]\cf1\highlight2 
\par \cf0\highlight0 + exec\cf1\highlight2 
\par \cf0\highlight0 [    2.882255] systemd-udevd[86]: Starting version 241\cf1\highlight2 
\par \cf0\highlight0 [    2.888224] systemd-udevd[87]: Network interface NamePolicy= disabled on kernel command line, ignoring.\cf1\highlight2 
\par \cf0\highlight0 [    2.891321] systemd-udevd[87]: /usr/lib/udev/rules.d/50-udev-default.rules:18: Invalid GROUP operation\cf1\highlight2 
\par \cf0\highlight0 [    2.899508] systemd-udevd[87]: /usr/lib/udev/rules.d/50-udev-default.rules:19: Invalid GROUP operation\cf1\highlight2 
\par \cf0\highlight0 [    2.902141] systemd-udevd[87]: /usr/lib/udev/rules.d/50-udev-default.rules:20: Invalid GROUP operation\cf1\highlight2 
\par \cf0\highlight0 [    2.905619] systemd-udevd[87]: /usr/lib/udev/rules.d/50-udev-default.rules:21: Invalid GROUP operation\cf1\highlight2 
\par \cf0\highlight0 [    2.911500] systemd-udevd[87]: /usr/lib/udev/rules.d/50-udev-default.rules:22: Invalid GROUP operation\cf1\highlight2 
\par \cf0\highlight0 [    2.914417] systemd-udevd[87]: /usr/lib/udev/rules.d/50-udev-default.rules:23: Invalid GROUP operation\cf1\highlight2 
\par \cf0\highlight0 [    2.923493] systemd-udevd[87]: /usr/lib/udev/rules.d/50-udev-default.rules:24: Invalid GROUP operation\cf1\highlight2 
\par \cf0\highlight0 [    2.926050] systemd-udevd[87]: /usr/lib/udev/rules.d/50-udev-default.rules:25: Invalid GROUP operation\cf1\highlight2 
\par \cf0\highlight0 [    2.958695] floppy: module verification failed: signature and/or required key missing - tainting kernel\cf1\highlight2 
\par \cf0\highlight0 [    2.968366] piix4_smbus 0000:00:01.3: SMBus Host Controller at 0x700, revision 0\cf1\highlight2 
\par \cf0\highlight0 [    2.972135] e1000: Intel(R) PRO/1000 Network Driver\cf1\highlight2 
\par \cf0\highlight0 [    2.973520] e1000: Copyright (c) 1999-2006 Intel Corporation.\cf1\highlight2 
\par \cf0\highlight0 [    2.980248] SCSI subsystem initialized\cf1\highlight2 
\par \cf0\highlight0 [    2.991755] Floppy drive(s): fd0 is 2.88M AMI BIOS\cf1\highlight2 
\par \cf0\highlight0 [    3.003488] libata version 3.00 loaded.\cf1\highlight2 
\par \cf0\highlight0 [    3.005019] ata_piix 0000:00:01.1: version 2.13\cf1\highlight2 
\par \cf0\highlight0 [    3.012379] FDC 0 is a S82078B\cf1\highlight2 
\par \cf0\highlight0 [    3.015503] scsi host0: ata_piix\cf1\highlight2 
\par \cf0\highlight0 [    3.023697] scsi host1: ata_piix\cf1\highlight2 
\par \cf0\highlight0 [    3.024688] ata1: PATA max MWDMA2 cmd 0x1f0 ctl 0x3f6 bmdma 0xc300 irq 14\cf1\highlight2 
\par \cf0\highlight0 [    3.026541] ata2: PATA max MWDMA2 cmd 0x170 ctl 0x376 bmdma 0xc308 irq 15\cf1\highlight2 
\par \cf0\highlight0 [    3.044477] PCI Interrupt Link [LNKC] enabled at IRQ 11\cf1\highlight2 
\par \cf0\highlight0 [    3.304653] ata2.00: ATAPI: QEMU DVD-ROM, 2.5+, max UDMA/100\cf1\highlight2 
\par \cf0\highlight0 [    3.308414] scsi 1:0:0:0: CD-ROM            QEMU     QEMU DVD-ROM     2.5+ PQ: 0 ANSI: 5\cf1\highlight2 
\par \cf0\highlight0 [    3.701632] e1000 0000:00:03.0 eth0: (PCI:33MHz:32-bit) 0c:9d:69:a0:00:00\cf1\highlight2 
\par \cf0\highlight0 [    3.703669] e1000 0000:00:03.0 eth0: Intel(R) PRO/1000 Network Connection\cf1\highlight2 
\par \cf0\highlight0 [    3.726449] PCI Interrupt Link [LNKD] enabled at IRQ 10\cf1\highlight2 
\par \cf0\highlight0 [    4.149423] e1000 0000:00:04.0 eth1: (PCI:33MHz:32-bit) 0c:9d:69:a0:00:01\cf1\highlight2 
\par \cf0\highlight0 [    4.151488] e1000 0000:00:04.0 eth1: Intel(R) PRO/1000 Network Connection\cf1\highlight2 
\par \cf0\highlight0 [    4.174572] PCI Interrupt Link [LNKA] enabled at IRQ 10\cf1\highlight2 
\par \cf0\highlight0 [    4.690173] e1000 0000:00:05.0 eth2: (PCI:33MHz:32-bit) 0c:9d:69:a0:00:02\cf1\highlight2 
\par \cf0\highlight0 [    4.692208] e1000 0000:00:05.0 eth2: Intel(R) PRO/1000 Network Connection\cf1\highlight2 
\par \cf0\highlight0 [    4.715416] PCI Interrupt Link [LNKB] enabled at IRQ 11\cf1\highlight2 
\par \cf0\highlight0 [    5.138311] e1000 0000:00:06.0 eth3: (PCI:33MHz:32-bit) 0c:9d:69:a0:00:03\cf1\highlight2 
\par \cf0\highlight0 [    5.141116] e1000 0000:00:06.0 eth3: Intel(R) PRO/1000 Network Connection\cf1\highlight2 
\par \cf0\highlight0 [    5.701522] e1000 0000:00:07.0 eth4: (PCI:33MHz:32-bit) 0c:9d:69:a0:00:04\cf1\highlight2 
\par \cf0\highlight0 [    5.703577] e1000 0000:00:07.0 eth4: Intel(R) PRO/1000 Network Connection\cf1\highlight2 
\par \cf0\highlight0 [    6.149918] e1000 0000:00:08.0 eth5: (PCI:33MHz:32-bit) 0c:9d:69:a0:00:05\cf1\highlight2 
\par \cf0\highlight0 [    6.151965] e1000 0000:00:08.0 eth5: Intel(R) PRO/1000 Network Connection\cf1\highlight2 
\par \cf0\highlight0 [    6.702398] e1000 0000:00:09.0 eth6: (PCI:33MHz:32-bit) 0c:9d:69:a0:00:06\cf1\highlight2 
\par \cf0\highlight0 [    6.704706] e1000 0000:00:09.0 eth6: Intel(R) PRO/1000 Network Connection\cf1\highlight2 
\par \cf0\highlight0 [    7.153676] e1000 0000:00:0a.0 eth7: (PCI:33MHz:32-bit) 0c:9d:69:a0:00:07\cf1\highlight2 
\par \cf0\highlight0 [    7.155809] e1000 0000:00:0a.0 eth7: Intel(R) PRO/1000 Network Connection\cf1\highlight2 
\par \cf0\highlight0 [    7.709719] e1000 0000:00:0b.0 eth8: (PCI:33MHz:32-bit) 0c:9d:69:a0:00:08\cf1\highlight2 
\par \cf0\highlight0 [    7.711781] e1000 0000:00:0b.0 eth8: Intel(R) PRO/1000 Network Connection\cf1\highlight2 
\par \cf0\highlight0 [    8.157204] e1000 0000:00:0c.0 eth9: (PCI:33MHz:32-bit) 0c:9d:69:a0:00:09\cf1\highlight2 
\par \cf0\highlight0 [    8.159291] e1000 0000:00:0c.0 eth9: Intel(R) PRO/1000 Network Connection\cf1\highlight2 
\par \cf0\highlight0 [    8.176891] input: VirtualPS/2 VMware VMMouse as /devices/platform/i8042/serio1/input/input3\cf1\highlight2 
\par \cf0\highlight0 [    8.182212] input: VirtualPS/2 VMware VMMouse as /devices/platform/i8042/serio1/input/input2\cf1\highlight2 
\par \cf0\highlight0 [    8.224108] systemd-udevd[92]: Using default interface naming scheme 'v240'.\cf1\highlight2 
\par \cf0\highlight0 [    8.227610] systemd-udevd[93]: Using default interface naming scheme 'v240'.\cf1\highlight2 
\par \cf0\highlight0 [    8.230966] systemd-udevd[94]: Using default interface naming scheme 'v240'.\cf1\highlight2 
\par \cf0\highlight0 [    8.234459] systemd-udevd[97]: Using default interface naming scheme 'v240'.\cf1\highlight2 
\par \cf0\highlight0 [    8.237777] systemd-udevd[98]: Using default interface naming scheme 'v240'.\cf1\highlight2 
\par \cf0\highlight0 [    8.241046] systemd-udevd[99]: Using default interface naming scheme 'v240'.\cf1\highlight2 
\par \cf0\highlight0 [    8.246995] systemd-udevd[100]: Using default interface naming scheme 'v240'.\cf1\highlight2 
\par \cf0\highlight0 [    8.249341] systemd-udevd[96]: Using default interface naming scheme 'v240'.\cf1\highlight2 
\par \cf0\highlight0 [    8.260667] sr 1:0:0:0: [sr0] scsi3-mmc drive: 4x/4x cd/rw xa/form2 tray\cf1\highlight2 
\par \cf0\highlight0 [    8.262521] cdrom: Uniform CD-ROM driver Revision: 3.20\cf1\highlight2 
\par \cf0\highlight0 [    8.269515] virtio_blk virtio0: [vda] 134217728 512-byte logical blocks (68.7 GB/64.0 GiB)\cf1\highlight2 
\par \cf0\highlight0 [    8.271830] vda: detected capacity change from 0 to 68719476736\cf1\highlight2 
\par \cf0\highlight0 [    8.275176]  vda: vda1 vda2 vda3\cf1\highlight2 
\par \cf0\highlight0 [    8.291510] sr 1:0:0:0: Attached scsi CD-ROM sr0\cf1\highlight2 
\par \cf0\highlight0 [    8.458383] squashfs: version 4.0 (2009/01/31) Phillip Lougher\cf1\highlight2 
\par \cf0\highlight0 [    8.517467] process '/usr/bin/fstype' started with executable stack\cf1\highlight2 
\par \cf0\highlight0 [    8.674951] EXT4-fs (vda3): recovery complete\cf1\highlight2 
\par \cf0\highlight0 [    8.677384] EXT4-fs (vda3): mounted filesystem with ordered data mode. Opts: (null)\cf1\highlight2 
\par \cf0\highlight0 [    8.887512] loop: module loaded\cf1\highlight2 
\par \cf0\highlight0 [    8.988719] EXT4-fs (loop1): mounted filesystem with ordered data mode. Opts: (null)\cf1\highlight2 
\par \cf0\highlight0 [    9.003896] printk: systemd-udevd: 36 output lines suppressed due to ratelimiting\cf1\highlight2 
\par \cf0\highlight0 [    9.239070] systemd[1]: Inserted module 'autofs4'\cf1\highlight2 
\par \cf0\highlight0 [    9.264046] systemd[1]: systemd 241 running in system mode. (+PAM +AUDIT +SELINUX +IMA +APPARMOR +SMACK +SYSVINIT +UTMP +LIBCRYPTSETUP +GCRYPT +GNUTLS +ACL +XZ +LZ4 +SECCOMP +BLKID +ELFUTILS +KMOD -IDN2 +IDN -PCRE2 default-hierarchy=hybrid)\cf1\highlight2 
\par \cf0\highlight0 [    9.270368] systemd[1]: Virtualization QEMU found in DMI (/sys/class/dmi/id/sys_vendor)\cf1\highlight2 
\par \cf0\highlight0 [    9.272633] systemd[1]: Virtualization found, CPUID=KVMKVMKVM\cf1\highlight2 
\par \cf0\highlight0 [    9.274245] systemd[1]: Found VM virtualization kvm\cf1\highlight2 
\par \cf0\highlight0 [    9.275643] systemd[1]: Detected virtualization kvm.\cf1\highlight2 
\par \cf0\highlight0 [    9.277028] systemd[1]: Detected architecture x86-64.\cf1\highlight2 
\par \cf0\highlight0 [    9.278994] systemd[1]: Mounting cgroup to /sys/fs/cgroup/cpu,cpuacct of type cgroup with options cpu,cpuacct.\cf1\highlight2 
\par \cf0\highlight0 [    9.281969] systemd[1]: Mounting cgroup to /sys/fs/cgroup/memory of type cgroup with options memory.\cf1\highlight2 
\par \cf0\highlight0 [    9.285008] systemd[1]: Mounting cgroup to /sys/fs/cgroup/blkio of type cgroup with options blkio.\cf1\highlight2 
\par \cf0\highlight0 [    9.287608] systemd[1]: Mounting cgroup to /sys/fs/cgroup/rdma of type cgroup with options rdma.\cf1\highlight2 
\par \cf0\highlight0 [    9.291685] IPv6: PREDAD not set IP6: 00000000000000000000000000000001/80 state: 00000001\cf1\highlight2 
\par \cf0\highlight0 [    9.390126] systemd-hibernate-resume-generator[220]: Not running in an initrd, quitting.\cf1\highlight2 
\par \cf0\highlight0 [    9.513234] systemd-fstab-generator[217]: Parsing /etc/fstab\cf1\highlight2 
\par \cf0\highlight0 [    9.515017] systemd-fstab-generator[217]: Found entry what=proc where=/proc type=proc makefs=no nofail=no noauto=no\cf1\highlight2 
\par \cf0\highlight0 [    9.523892] systemd-rc-local-generator[221]: Automatically adding rc-local.service.\cf1\highlight2 
\par \cf0\highlight0 [    9.531561] systemd-system-update-generator[224]: Offline system update overridden by kernel command line systemd.unit= setting\cf1\highlight2 
\par \cf0\highlight0 [    9.536778] systemd-gpt-auto-generator[219]: Neither root nor /usr file system are on a (single) block device.\cf1\highlight2 
\par \cf0\highlight0 [    9.550266] systemd-bless-boot-generator[214]: Skipping generator, not an EFI boot.\cf1\highlight2 
\par \cf0\highlight0 [    9.554471] systemd-rc-local-generator[221]: /usr/sbin/halt.local does not exist, skipping.\cf1\highlight2 
\par \cf0\highlight0 [    9.557440] systemd-getty-generator[218]: Automatically adding serial getty for /dev/ttyS0.\cf1\highlight2 
\par \cf0\highlight0 [    9.569163] systemd-fstab-generator[217]: Found entry what=sysfs where=/sys type=sysfs makefs=no nofail=no noauto=no\cf1\highlight2 
